Archive member included because of file (symbol)

/usr/lib/gcc/avr/4.4.1/../../../../avr/lib/avr51/libprintf_min.a(vfprintf_min.o)
                              (vfprintf)
/usr/lib/gcc/avr/4.4.1/avr51/libgcc.a(_mulsi3.o)
                              ../../../nano-RK/src/kernel/source/nrk_time.o (__mulsi3)
/usr/lib/gcc/avr/4.4.1/avr51/libgcc.a(_udivmodhi4.o)
                              ../../../nano-RK/src/net/bmac/bmac.o (__udivmodhi4)
/usr/lib/gcc/avr/4.4.1/avr51/libgcc.a(_divmodhi4.o)
                              ../../../nano-RK/src/net/bmac/bmac.o (__divmodhi4)
/usr/lib/gcc/avr/4.4.1/avr51/libgcc.a(_udivmodsi4.o)
                              ../../../nano-RK/src/kernel/source/nrk_time.o (__udivmodsi4)
/usr/lib/gcc/avr/4.4.1/avr51/libgcc.a(_exit.o)
                              /usr/lib/gcc/avr/4.4.1/../../../../avr/lib/avr51/crtm128.o (exit)
/usr/lib/gcc/avr/4.4.1/avr51/libgcc.a(_clear_bss.o)
                              main.o (__do_clear_bss)
/usr/lib/gcc/avr/4.4.1/../../../../avr/lib/avr51/libc.a(rand.o)
                              ../../../nano-RK/src/net/bmac/bmac.o (rand)
/usr/lib/gcc/avr/4.4.1/../../../../avr/lib/avr51/libc.a(strchr_P.o)
                              /usr/lib/gcc/avr/4.4.1/../../../../avr/lib/avr51/libprintf_min.a(vfprintf_min.o) (strchr_P)
/usr/lib/gcc/avr/4.4.1/../../../../avr/lib/avr51/libc.a(fdevopen.o)
                              ../../../nano-RK/src/platform/micaZ/source/ulib.o (fdevopen)
/usr/lib/gcc/avr/4.4.1/../../../../avr/lib/avr51/libc.a(fputc.o)
                              ../../../nano-RK/src/platform/micaZ/source/ulib.o (fputc)
/usr/lib/gcc/avr/4.4.1/../../../../avr/lib/avr51/libc.a(iob.o)
                              ../../../nano-RK/src/platform/micaZ/source/ulib.o (__iob)
/usr/lib/gcc/avr/4.4.1/../../../../avr/lib/avr51/libc.a(printf.o)
                              main.o (printf)
/usr/lib/gcc/avr/4.4.1/../../../../avr/lib/avr51/libc.a(putchar.o)
                              main.o (putchar)
/usr/lib/gcc/avr/4.4.1/../../../../avr/lib/avr51/libc.a(puts.o)
                              main.o (puts)
/usr/lib/gcc/avr/4.4.1/../../../../avr/lib/avr51/libc.a(sprintf.o)
                              ../../../nano-RK/src/kernel/source/nrk_error.o (sprintf)
/usr/lib/gcc/avr/4.4.1/../../../../avr/lib/avr51/libc.a(ultoa_invert.o)
                              /usr/lib/gcc/avr/4.4.1/../../../../avr/lib/avr51/libprintf_min.a(vfprintf_min.o) (__ultoa_invert)
/usr/lib/gcc/avr/4.4.1/../../../../avr/lib/avr51/libc.a(eerd_byte_atmega128.o)
                              ../../../nano-RK/src/platform/micaZ/source/nrk_eeprom.o (__eerd_byte_m128)
/usr/lib/gcc/avr/4.4.1/../../../../avr/lib/avr51/libc.a(eewr_byte_atmega128.o)
                              ../../../nano-RK/src/platform/micaZ/source/nrk_eeprom.o (__eewr_byte_m128)
/usr/lib/gcc/avr/4.4.1/../../../../avr/lib/avr51/libc.a(calloc.o)
                              /usr/lib/gcc/avr/4.4.1/../../../../avr/lib/avr51/libc.a(fdevopen.o) (calloc)
/usr/lib/gcc/avr/4.4.1/../../../../avr/lib/avr51/libc.a(malloc.o)
                              /usr/lib/gcc/avr/4.4.1/../../../../avr/lib/avr51/libc.a(calloc.o) (malloc)
/usr/lib/gcc/avr/4.4.1/../../../../avr/lib/avr51/libc.a(memset.o)
                              /usr/lib/gcc/avr/4.4.1/../../../../avr/lib/avr51/libc.a(calloc.o) (memset)
/usr/lib/gcc/avr/4.4.1/avr51/libgcc.a(_divmodsi4.o)
                              /usr/lib/gcc/avr/4.4.1/../../../../avr/lib/avr51/libc.a(rand.o) (__divmodsi4)

Allocating common symbols
Common symbol       size              file

rx_ctr              0x4               ../../../nano-RK/src/radio/cc2420/source/basic_rf.o
t                   0x1               ../../../nano-RK/src/kernel/source/nrk_scheduler.o
_free_node          0x2               ../../../nano-RK/src/kernel/source/nrk.o
app_timer0_callback
                    0x2               ../../../nano-RK/src/net/bmac/bmac.o
nrk_task_TCB        0x63              ../../../nano-RK/src/kernel/source/nrk.o
next_next_wakeup    0x2               ../../../nano-RK/src/kernel/source/nrk.o
ext_int1_callback   0x2               ../../../nano-RK/src/kernel/hal/atmega128/nrk_ext_int.o
radio_sem           0x2               ../../../nano-RK/src/radio/cc2420/source/basic_rf.o
ext_int0_callback   0x2               ../../../nano-RK/src/kernel/hal/atmega128/nrk_ext_int.o
nrk_sem_list        0x3               ../../../nano-RK/src/kernel/source/nrk.o
security_enable     0x1               ../../../nano-RK/src/radio/cc2420/source/basic_rf.o
nrk_task_init_cnt   0x1               ../../../nano-RK/src/kernel/source/nrk.o
error_task          0x1               main.o
mdmctrl0            0x2               ../../../nano-RK/src/radio/cc2420/source/basic_rf.o
rfSettings          0x9               ../../../nano-RK/src/radio/cc2420/source/basic_rf.o
_nrk_time_trigger   0x1               ../../../nano-RK/src/net/bmac/bmac.o
ext_int2_callback   0x2               ../../../nano-RK/src/kernel/hal/atmega128/nrk_ext_int.o
[...]
Memory Configuration

Name             Origin             Length             Attributes
text             0x00000000         0x00020000         xr
data             0x00800060         0x0000ffa0         rw !x
eeprom           0x00810000         0x00010000         rw !x
*default*        0x00000000         0xffffffff

Linker script and memory map

Address of section .data set to 0x800100
LOAD /usr/lib/gcc/avr/4.4.1/../../../../avr/lib/avr51/crtm128.o
LOAD main.o
LOAD ../../../nano-RK/src/net/bmac/bmac.o
LOAD ../../../nano-RK/src/radio/cc2420/source/hal_rf_set_channel.o
LOAD ../../../nano-RK/src/radio/cc2420/source/hal_rf_wait_for_crystal_oscillator.o
LOAD ../../../nano-RK/src/radio/cc2420/source/basic_rf.o
LOAD ../../../nano-RK/src/platform/micaZ/source/ulib.o
LOAD ../../../nano-RK/src/platform/micaZ/source/hal_wait.o
LOAD ../../../nano-RK/src/platform/micaZ/source/nrk_eeprom.o
LOAD ../../../nano-RK/src/kernel/source/nrk.o
LOAD ../../../nano-RK/src/kernel/source/nrk_stats.o
LOAD ../../../nano-RK/src/kernel/source/nrk_error.o
LOAD ../../../nano-RK/src/kernel/source/nrk_stack_check.o
LOAD ../../../nano-RK/src/kernel/source/nrk_events.o
LOAD ../../../nano-RK/src/kernel/source/nrk_task.o
LOAD ../../../nano-RK/src/kernel/source/nrk_time.o
LOAD ../../../nano-RK/src/kernel/source/nrk_idle_task.o
LOAD ../../../nano-RK/src/kernel/source/nrk_scheduler.o
LOAD ../../../nano-RK/src/kernel/source/nrk_driver.o
LOAD ../../../nano-RK/src/kernel/source/nrk_reserve.o
LOAD ../../../nano-RK/src/kernel/source/nrk_sw_wdt.o
LOAD ../../../nano-RK/src/kernel/hal/atmega128/nrk_timer.o
LOAD ../../../nano-RK/src/kernel/hal/atmega128/nrk_status.o
LOAD ../../../nano-RK/src/kernel/hal/atmega128/nrk_ext_int.o
LOAD ../../../nano-RK/src/kernel/hal/atmega128/nrk_watchdog.o
LOAD ../../../nano-RK/src/kernel/hal/atmega128/nrk_cpu.o
LOAD ../../../nano-RK/src/kernel/hal/atmega128/atmel_hw_specific.o
LOAD /usr/lib/gcc/avr/4.4.1/../../../../avr/lib/avr51/libprintf_min.a
LOAD /usr/lib/gcc/avr/4.4.1/../../../../avr/lib/avr51/libm.a
LOAD /usr/lib/gcc/avr/4.4.1/avr51/libgcc.a
LOAD /usr/lib/gcc/avr/4.4.1/../../../../avr/lib/avr51/libc.a
LOAD /usr/lib/gcc/avr/4.4.1/avr51/libgcc.a

.hash
 *(.hash)

.dynsym
 *(.dynsym)

.dynstr
 *(.dynstr)

.gnu.version
 *(.gnu.version)

.gnu.version_d
 *(.gnu.version_d)

.gnu.version_r
 *(.gnu.version_r)

.rel.init
 *(.rel.init)

.rela.init
 *(.rela.init)

.rel.text
 *(.rel.text)
 *(.rel.text.*)
 *(.rel.gnu.linkonce.t*)

.rela.text
 *(.rela.text)
 *(.rela.text.*)
 *(.rela.gnu.linkonce.t*)

.rel.fini
 *(.rel.fini)

.rela.fini
 *(.rela.fini)

.rel.rodata
 *(.rel.rodata)
 *(.rel.rodata.*)
 *(.rel.gnu.linkonce.r*)

.rela.rodata
 *(.rela.rodata)
 *(.rela.rodata.*)
 *(.rela.gnu.linkonce.r*)

.rel.data
 *(.rel.data)
 *(.rel.data.*)
 *(.rel.gnu.linkonce.d*)

.rela.data
 *(.rela.data)
 *(.rela.data.*)
 *(.rela.gnu.linkonce.d*)

.rel.ctors
 *(.rel.ctors)

.rela.ctors
 *(.rela.ctors)

.rel.dtors
 *(.rel.dtors)

.rela.dtors
 *(.rela.dtors)

.rel.got
 *(.rel.got)

.rela.got
 *(.rela.got)

.rel.bss
 *(.rel.bss)

.rela.bss
 *(.rela.bss)

.rel.plt
 *(.rel.plt)

.rela.plt
 *(.rela.plt)

.text           0x00000000     0x5866
 *(.vectors)
 .vectors       0x00000000       0x8c /usr/lib/gcc/avr/4.4.1/../../../../avr/lib/avr51/crtm128.o
                0x00000000                __vectors
 *(.vectors)
 *(.progmem.gcc*)
 .progmem.gcc_sw_table
                0x0000008c       0x2a ../../../nano-RK/src/kernel/source/nrk_error.o
 *(.progmem*)
 .progmem.data  0x000000b6       0xdf ../../../nano-RK/src/net/bmac/bmac.o
 .progmem.data  0x00000195      0x1fc ../../../nano-RK/src/kernel/source/nrk_error.o
 .progmem.data  0x00000391        0xf ../../../nano-RK/src/kernel/source/nrk_stack_check.o
 .progmem.data  0x000003a0       0x17 /usr/lib/gcc/avr/4.4.1/../../../../avr/lib/avr51/libprintf_min.a(vfprintf_min.o)
                0x000003b8                . = ALIGN (0x2)
 *fill*         0x000003b7        0x1 00
                0x000003b8                __trampolines_start = .
 *(.trampolines)
 .trampolines   0x000003b8        0x0 linker stubs
 *(.trampolines*)
                0x000003b8                __trampolines_end = .
 *(.jumptables)
 *(.jumptables*)
 *(.lowtext)
 *(.lowtext*)
                0x000003b8                __ctors_start = .
 *(.ctors)
                0x000003b8                __ctors_end = .
                0x000003b8                __dtors_start = .
 *(.dtors)
                0x000003b8                __dtors_end = .
 SORT(*)(.ctors)
 SORT(*)(.dtors)
 *(.init0)
 .init0         0x000003b8        0x0 /usr/lib/gcc/avr/4.4.1/../../../../avr/lib/avr51/crtm128.o
                0x000003b8                __init
 *(.init0)
 *(.init1)
 *(.init1)
 *(.init2)
 .init2         0x000003b8        0xc /usr/lib/gcc/avr/4.4.1/../../../../avr/lib/avr51/crtm128.o
 *(.init2)
 *(.init3)
 *(.init3)
 *(.init4)
 .init4         0x000003c4       0x1a /usr/lib/gcc/avr/4.4.1/../../../../avr/lib/avr51/crtm128.o
                0x000003c4                __do_copy_data
 .init4         0x000003de       0x10 /usr/lib/gcc/avr/4.4.1/avr51/libgcc.a(_clear_bss.o)
                0x000003de                __do_clear_bss
 *(.init4)
 *(.init5)
 *(.init5)
 *(.init6)
 *(.init6)
 *(.init7)
 *(.init7)
 *(.init8)
 *(.init8)
 *(.init9)
 .init9         0x000003ee        0x8 /usr/lib/gcc/avr/4.4.1/../../../../avr/lib/avr51/crtm128.o
 *(.init9)
 *(.text)
 .text          0x000003f6        0x4 /usr/lib/gcc/avr/4.4.1/../../../../avr/lib/avr51/crtm128.o
                0x000003f6                __vector_22
                0x000003f6                __vector_28
                0x000003f6                __vector_32
                0x000003f6                __vector_34
                0x000003f6                __vector_24
                0x000003f6                __vector_12
                0x000003f6                __bad_interrupt
                0x000003f6                __vector_6
                0x000003f6                __vector_31
                0x000003f6                __vector_3
                0x000003f6                __vector_23
                0x000003f6                __vector_30
                0x000003f6                __vector_25
                0x000003f6                __vector_11
                0x000003f6                __vector_13
                0x000003f6                __vector_17
                0x000003f6                __vector_19
                0x000003f6                __vector_7
                0x000003f6                __vector_27
                0x000003f6                __vector_5
                0x000003f6                __vector_33
                0x000003f6                __vector_4
                0x000003f6                __vector_2
                0x000003f6                __vector_21
                0x000003f6                __vector_29
                0x000003f6                __vector_8
                0x000003f6                __vector_26
                0x000003f6                __vector_14
                0x000003f6                __vector_10
                0x000003f6                __vector_18
                0x000003f6                __vector_20
 .text          0x000003fa      0x1d0 main.o
                0x000003fa                nrk_create_taskset
                0x00000574                main
                0x0000047c                rx_task
 .text          0x000005ca      0x83a ../../../nano-RK/src/net/bmac/bmac.o
                0x00000c42                bmac_set_channel
                0x00000c24                bmac_enable
                0x00000a34                bmac_nw_task
                0x00000de4                bmac_auto_ack_enable
                0x00000654                bmac_rx_pkt_ready
                0x0000081e                _bmac_tx
                0x00000ddc                bmac_addr_decode_disable
                0x000005e2                bmac_set_cca_active
                0x000005d0                bmac_tx_reserve_get
                0x00000dc6                bmac_rx_pkt_is_encrypted
                0x00000dec                bmac_auto_ack_disable
                0x00000a18                bmac_get_tx_done_signal
                0x00000c64                bmac_init
                0x00000604                bmac_tx_pkt_nonblocking
                0x00000d8e                bmac_set_cca_thresh
                0x000006f6                bmac_rx_failure_count_get
                0x00000714                _b_pow
                0x00000626                bmac_rx_pkt_get
                0x00000700                bmac_rx_failure_count_reset
                0x000007e2                _bmac_channel_check
                0x000006f0                bmac_started
                0x000005cc                bmac_tx_reserve_set
                0x000005ca                rf_rx_callback
                0x00000a26                bmac_get_rx_pkt_signal
                0x00000662                bmac_rx_pkt_release
                0x0000066a                bmac_set_rx_check_rate
                0x00000c38                bmac_disable
                0x00000b0e                bmac_tx_pkt
                0x0000091a                _bmac_rx
                0x00000d96                bmac_set_rf_power
                0x00000dae                bmac_encryption_enable
                0x000005d6                bmac_addr_decode_dest_mac
                0x00000dcc                bmac_addr_decode_set_my_mac
                0x00000732                bmac_task_config
                0x00000dd4                bmac_addr_decode_enable
                0x00000db6                bmac_encryption_set_key
                0x000005e8                bmac_rx_pkt_set_buffer
                0x00000bca                bmac_wait_until_rx_pkt
                0x00000df4                bmac_encryption_set_ctr_counter
                0x00000da6                bmac_encryption_disable
 .text          0x00000e04       0x36 ../../../nano-RK/src/radio/cc2420/source/hal_rf_set_channel.o
                0x00000e04                halRfSetChannel
 .text          0x00000e3a       0x16 ../../../nano-RK/src/radio/cc2420/source/hal_rf_wait_for_crystal_oscillator.o
                0x00000e3a                halRfWaitForCrystalOscillator
 .text          0x00000e50     0x1162 ../../../nano-RK/src/radio/cc2420/source/basic_rf.o
                0x00001e1c                rf_set_channel
                0x00001032                rf_rx_on
                0x00000fd0                rf_auto_ack_enable
                0x00000f54                rf_tx_power
                0x00001dea                rf_set_rx
                0x00000fa4                rf_addr_decode_disable
                0x00001522                rf_data_mode
                0x000010a2                rf_rx_check_fifop
                0x00001646                rf_tx_packet
                0x000015b6                rf_set_preamble_length
                0x000010b4                rf_rx_check_sfd
                0x00000ee8                rf_security_enable
                0x00001fa0                cc259x_rx
                0x00001488                rf_rx_packet
                0x00001638                rf_carrier_off
                0x00001090                rf_busy
                0x000015ec                rf_set_cca_mode
                0x00001594                rf_tx_set_serial
                0x00001056                rf_polling_rx_on
                0x000010c6                rf_polling_rx_packet
                0x0000162a                rf_carrier_on
                0x00001f8e                cc259x_tx
                0x00001dd0                rf_power_up
                0x00000f4a                rf_get_sem
                0x00000e50                rf_power_down
                0x0000107a                rf_rx_off
                0x0000149a                rf_flush_rx_fifo
                0x00001e22                rf_init
                0x00000f78                rf_addr_decode_enable
                0x00001c28                rf_security_set_key
                0x00001916                rf_tx_tdma_packet
                0x00000e74                rf_security_set_ctr_counter
                0x000014b4                rf_set_cca_thresh
                0x00001bcc                rf_addr_decode_set_my_mac
                0x00000f28                rf_security_disable
                0x00001002                rf_auto_ack_disable
                0x00001566                rf_rx_set_serial
                0x000014da                rf_test_mode
                0x00000e6e                rf_security_last_pkt_status
 .text          0x00001fb2      0x842 ../../../nano-RK/src/platform/micaZ/source/ulib.o
                0x00002004                nrk_gpio_set
                0x0000268c                nrk_get_button
                0x000027ce                nrk_kprintf
                0x00001fb6                nrk_uart_data_ready
                0x00002474                nrk_gpio_direction
                0x00001fd8                getc0
                0x000026e8                nrk_led_set
                0x00002778                getc1
                0x0000227a                nrk_gpio_toggle
                0x000020f4                nrk_gpio_clr
                0x00002714                putc0
                0x00002790                nrk_setup_uart
                0x00002266                nrk_gpio_pullups
                0x0000274e                setup_uart1
                0x00001fe2                nrk_setup_ports
                0x0000271e                putc1
                0x000026bc                nrk_led_clr
                0x000021fa                nrk_gpio_get
                0x00002736                setup_uart0
                0x00002690                nrk_led_toggle
                0x00001fb2                nrk_uart_rx_signal_get
 .text          0x000027f4        0xe ../../../nano-RK/src/platform/micaZ/source/hal_wait.o
                0x000027f4                halWait
 .text          0x00002802      0x140 ../../../nano-RK/src/platform/micaZ/source/nrk_eeprom.o
                0x000028a0                read_eeprom_load_img_pages
                0x0000293c                nrk_eeprom_read_byte
                0x00002802                write_eeprom_current_image_checksum
                0x00002842                write_eeprom_load_img_pages
                0x000028d0                read_eeprom_mac_address
                0x00002852                nrk_eeprom_write_byte
                0x00002812                write_eeprom_aes_key
                0x000028b8                read_eeprom_channel
                0x00002870                read_eeprom_aes_key
                0x00002858                read_eeprom_current_image_checksum
 .text          0x00002942      0x334 ../../../nano-RK/src/kernel/source/nrk.o
                0x0000294e                nrk_version
                0x00002b3e                nrk_init
                0x0000295a                nrk_TCB_init
                0x0000294a                nrk_halt
                0x00002954                _nrk_timer_tick
                0x00002946                nrk_int_enable
                0x00002a9a                nrk_start
                0x00002942                nrk_int_disable
 .text          0x00002c76        0x0 ../../../nano-RK/src/kernel/source/nrk_stats.o
 .text          0x00002c76      0x444 ../../../nano-RK/src/kernel/source/nrk_error.o
                0x000030a2                nrk_error_add
                0x00002caa                pause
                0x00003010                nrk_kernel_error_add
                0x00002cd4                blink_dot
                0x00002d10                blink_morse_code_error
                0x00002cee                blink_dash
                0x00002c8e                nrk_error_get
                0x00002c82                nrk_errno_get
                0x00002c76                _nrk_errno_set
                0x00002e74                nrk_error_print
 .text          0x000030ba      0x242 ../../../nano-RK/src/kernel/source/nrk_stack_check.o
                0x00003100                dump_stack_info
                0x000030ba                nrk_stack_check_pid
                0x000032b4                nrk_stack_check
 .text          0x000032fc      0x600 ../../../nano-RK/src/kernel/source/nrk_events.o
                0x000036b8                nrk_signal_delete
                0x000035d0                nrk_event_signal
                0x0000350c                nrk_sem_post
                0x00003480                nrk_sem_create
                0x00003884                nrk_event_wait
                0x000034da                nrk_sem_query
                0x000032fc                nrk_signal_create
                0x00003412                nrk_signal_register
                0x000037d0                nrk_sem_pend
                0x00003496                nrk_sem_delete
                0x0000337c                nrk_signal_get_registered_mask
                0x00003486                nrk_get_resource_index
                0x0000338e                nrk_signal_unregister
 .text          0x000038fc      0x6a6 ../../../nano-RK/src/kernel/source/nrk_task.o
                0x00003b3a                _nrk_wait_for_scheduler
                0x00003b2e                nrk_get_pid
                0x00003e80                nrk_wait_until_next_period
                0x00003db2                nrk_wait_ticks
                0x00003bfa                nrk_wait_until
                0x00003cee                nrk_set_next_wakeup
                0x0000391e                nrk_add_to_readyQ
                0x00003ca2                nrk_wait_until_nw
                0x00003908                nrk_print_readyQ
                0x00003ef8                nrk_activate_task
                0x00003d5a                nrk_wait_until_ticks
                0x00003b4e                nrk_wait
                0x00003ed6                nrk_terminate_task
                0x000038fc                nrk_get_high_ready_task_ID
                0x00003e1c                nrk_wait_until_next_n_periods
                0x00003a7c                nrk_rem_from_readyQ
 .text          0x00003fa2      0x54c ../../../nano-RK/src/kernel/source/nrk_time.o
                0x000041f2                nrk_time_set
                0x00004440                nrk_time_get
                0x00004214                _nrk_time_to_ticks
                0x00004328                _nrk_time_to_ticks_long
                0x000041ac                nrk_time_compact_nanos
                0x000040c0                nrk_time_add
                0x00003fa2                nrk_time_sub
                0x000042b4                _nrk_ticks_to_time
 .text          0x000044ee       0x4c ../../../nano-RK/src/kernel/source/nrk_idle_task.o
                0x000044ee                nrk_idle_task
 .text          0x0000453a      0x40c ../../../nano-RK/src/kernel/source/nrk_scheduler.o
                0x0000453a                _nrk_scheduler
 .text          0x00004946        0x0 ../../../nano-RK/src/kernel/source/nrk_driver.o
 .text          0x00004946        0x0 ../../../nano-RK/src/kernel/source/nrk_reserve.o
 .text          0x00004946        0x0 ../../../nano-RK/src/kernel/source/nrk_sw_wdt.o
 .text          0x00004946      0x314 ../../../nano-RK/src/kernel/hal/atmega128/nrk_timer.o
                0x000049b4                nrk_high_speed_timer_wait
                0x00004b0c                nrk_timer_int_reset
                0x00004a76                _nrk_os_timer_reset
                0x00004a94                _nrk_os_timer_get
                0x00004afe                nrk_timer_int_stop
                0x00004946                nrk_spin_wait_us
                0x000049a8                _nrk_high_speed_timer_reset
                0x00004954                _nrk_setup_timer
                0x00004c06                __vector_default
                0x00004a8e                _nrk_set_next_wakeup
                0x00004b1a                nrk_timer_int_read
                0x0000499e                _nrk_high_speed_timer_stop
                0x000049a2                _nrk_high_speed_timer_start
                0x00004ba2                __vector_9
                0x00004b2c                nrk_timer_int_start
                0x00004a98                __vector_15
                0x00004b3e                nrk_timer_int_configure
                0x00004a56                _nrk_os_timer_set
                0x00004a34                _nrk_high_speed_timer_get
                0x00004a5a                _nrk_os_timer_stop
                0x00004a98                __vector_16
                0x00004a6a                _nrk_os_timer_start
                0x00004a88                _nrk_get_next_wakeup
 .text          0x00004c5a       0x4a ../../../nano-RK/src/kernel/hal/atmega128/nrk_status.o
                0x00004c5a                _nrk_startup_error
 .text          0x00004ca4       0x60 ../../../nano-RK/src/kernel/hal/atmega128/nrk_ext_int.o
                0x00004ca4                nrk_ext_int_enable
                0x00004cb0                __vector_1
                0x00004cac                nrk_ext_int_configure
                0x00004ca8                nrk_ext_int_disable
 .text          0x00004d04       0x48 ../../../nano-RK/src/kernel/hal/atmega128/nrk_watchdog.o
                0x00004d32                nrk_watchdog_disable
                0x00004d16                nrk_watchdog_enable
                0x00004d04                nrk_watchdog_check
                0x00004d12                nrk_watchdog_reset
 .text          0x00004d4c      0x102 ../../../nano-RK/src/kernel/hal/atmega128/nrk_cpu.o
                0x00004de8                nrk_stack_pointer_init
                0x00004e10                nrk_task_set_stk
                0x00004d6e                nrk_idle
                0x00004d4c                nrk_battery_save
                0x00004d4e                nrk_task_set_entry_function
                0x00004e06                nrk_target_start
                0x00004dda                nrk_stack_pointer_restore
                0x00004d84                nrk_task_stk_init
                0x00004d56                nrk_sleep
 .text          0x00004e4e       0x56 ../../../nano-RK/src/kernel/hal/atmega128/atmel_hw_specific.o
                0x00004e4e                nrk_start_high_ready_task
 .text          0x00004ea4        0x0 /usr/lib/gcc/avr/4.4.1/../../../../avr/lib/avr51/libprintf_min.a(vfprintf_min.o)
 .text          0x00004ea4        0x0 /usr/lib/gcc/avr/4.4.1/avr51/libgcc.a(_mulsi3.o)
 .text          0x00004ea4        0x0 /usr/lib/gcc/avr/4.4.1/avr51/libgcc.a(_udivmodhi4.o)
 .text          0x00004ea4        0x0 /usr/lib/gcc/avr/4.4.1/avr51/libgcc.a(_divmodhi4.o)
 .text          0x00004ea4        0x0 /usr/lib/gcc/avr/4.4.1/avr51/libgcc.a(_udivmodsi4.o)
 .text          0x00004ea4        0x0 /usr/lib/gcc/avr/4.4.1/avr51/libgcc.a(_exit.o)
 .text          0x00004ea4        0x0 /usr/lib/gcc/avr/4.4.1/avr51/libgcc.a(_clear_bss.o)
 .text          0x00004ea4        0x0 /usr/lib/gcc/avr/4.4.1/../../../../avr/lib/avr51/libc.a(rand.o)
 .text          0x00004ea4        0x0 /usr/lib/gcc/avr/4.4.1/../../../../avr/lib/avr51/libc.a(strchr_P.o)
 .text          0x00004ea4        0x0 /usr/lib/gcc/avr/4.4.1/../../../../avr/lib/avr51/libc.a(fdevopen.o)
 .text          0x00004ea4        0x0 /usr/lib/gcc/avr/4.4.1/../../../../avr/lib/avr51/libc.a(fputc.o)
 .text          0x00004ea4        0x0 /usr/lib/gcc/avr/4.4.1/../../../../avr/lib/avr51/libc.a(iob.o)
 .text          0x00004ea4        0x0 /usr/lib/gcc/avr/4.4.1/../../../../avr/lib/avr51/libc.a(printf.o)
 .text          0x00004ea4        0x0 /usr/lib/gcc/avr/4.4.1/../../../../avr/lib/avr51/libc.a(putchar.o)
 .text          0x00004ea4        0x0 /usr/lib/gcc/avr/4.4.1/../../../../avr/lib/avr51/libc.a(puts.o)
 .text          0x00004ea4        0x0 /usr/lib/gcc/avr/4.4.1/../../../../avr/lib/avr51/libc.a(sprintf.o)
 .text          0x00004ea4        0x0 /usr/lib/gcc/avr/4.4.1/../../../../avr/lib/avr51/libc.a(ultoa_invert.o)
 .text          0x00004ea4        0x0 /usr/lib/gcc/avr/4.4.1/../../../../avr/lib/avr51/libc.a(eerd_byte_atmega128.o)
 .text          0x00004ea4        0x0 /usr/lib/gcc/avr/4.4.1/../../../../avr/lib/avr51/libc.a(eewr_byte_atmega128.o)
 .text          0x00004ea4        0x0 /usr/lib/gcc/avr/4.4.1/../../../../avr/lib/avr51/libc.a(calloc.o)
 .text          0x00004ea4        0x0 /usr/lib/gcc/avr/4.4.1/../../../../avr/lib/avr51/libc.a(malloc.o)
 .text          0x00004ea4        0x0 /usr/lib/gcc/avr/4.4.1/../../../../avr/lib/avr51/libc.a(memset.o)
 .text          0x00004ea4        0x0 /usr/lib/gcc/avr/4.4.1/avr51/libgcc.a(_divmodsi4.o)
                0x00004ea4                . = ALIGN (0x2)
 *(.text.*)
 .text.avr-libc
                0x00004ea4      0x28c /usr/lib/gcc/avr/4.4.1/../../../../avr/lib/avr51/libprintf_min.a(vfprintf_min.o)
                0x00004ea4                vfprintf
 .text.libgcc   0x00005130       0x3e /usr/lib/gcc/avr/4.4.1/avr51/libgcc.a(_mulsi3.o)
                0x00005130                __mulsi3
 .text.libgcc   0x0000516e       0x28 /usr/lib/gcc/avr/4.4.1/avr51/libgcc.a(_udivmodhi4.o)
                0x0000516e                __udivmodhi4
 .text.libgcc   0x00005196       0x26 /usr/lib/gcc/avr/4.4.1/avr51/libgcc.a(_divmodhi4.o)
                0x00005196                __divmodhi4
                0x00005196                _div
 .text.libgcc   0x000051bc       0x44 /usr/lib/gcc/avr/4.4.1/avr51/libgcc.a(_udivmodsi4.o)
                0x000051bc                __udivmodsi4
 .text.libgcc   0x00005200        0x0 /usr/lib/gcc/avr/4.4.1/avr51/libgcc.a(_exit.o)
 .text.libgcc   0x00005200        0x0 /usr/lib/gcc/avr/4.4.1/avr51/libgcc.a(_clear_bss.o)
 .text.avr-libc
                0x00005200       0xd4 /usr/lib/gcc/avr/4.4.1/../../../../avr/lib/avr51/libc.a(rand.o)
                0x000052ae                rand_r
                0x000052b4                rand
                0x000052be                srand
 .text.avr-libc
                0x000052d4       0x16 /usr/lib/gcc/avr/4.4.1/../../../../avr/lib/avr51/libc.a(strchr_P.o)
                0x000052d4                strchr_P
 .text.avr-libc
                0x000052ea       0x98 /usr/lib/gcc/avr/4.4.1/../../../../avr/lib/avr51/libc.a(fdevopen.o)
                0x000052ea                fdevopen
 .text.avr-libc
                0x00005382       0x58 /usr/lib/gcc/avr/4.4.1/../../../../avr/lib/avr51/libc.a(fputc.o)
                0x00005382                fputc
 .text.avr-libc
                0x000053da       0x24 /usr/lib/gcc/avr/4.4.1/../../../../avr/lib/avr51/libc.a(printf.o)
                0x000053da                printf
 .text.avr-libc
                0x000053fe        0xe /usr/lib/gcc/avr/4.4.1/../../../../avr/lib/avr51/libc.a(putchar.o)
                0x000053fe                putchar
 .text.avr-libc
                0x0000540c       0x76 /usr/lib/gcc/avr/4.4.1/../../../../avr/lib/avr51/libc.a(puts.o)
                0x0000540c                puts
 .text.avr-libc
                0x00005482       0x60 /usr/lib/gcc/avr/4.4.1/../../../../avr/lib/avr51/libc.a(sprintf.o)
                0x00005482                sprintf
 .text.avr-libc
                0x000054e2       0xbc /usr/lib/gcc/avr/4.4.1/../../../../avr/lib/avr51/libc.a(ultoa_invert.o)
                0x000054e2                __ultoa_invert
 .text.avr-libc
                0x0000559e       0x10 /usr/lib/gcc/avr/4.4.1/../../../../avr/lib/avr51/libc.a(eerd_byte_atmega128.o)
                0x0000559e                __eerd_byte_m128
 .text.avr-libc
                0x000055ae       0x1a /usr/lib/gcc/avr/4.4.1/../../../../avr/lib/avr51/libc.a(eewr_byte_atmega128.o)
                0x000055b0                __eewr_r18_m128
                0x000055ae                __eewr_byte_m128
 .text.avr-libc
                0x000055c8       0x4c /usr/lib/gcc/avr/4.4.1/../../../../avr/lib/avr51/libc.a(calloc.o)
                0x000055c8                calloc
 .text.avr-libc
                0x00005614      0x20a /usr/lib/gcc/avr/4.4.1/../../../../avr/lib/avr51/libc.a(malloc.o)
                0x00005614                malloc
                0x0000576c                free
 .text.avr-libc
                0x0000581e        0xe /usr/lib/gcc/avr/4.4.1/../../../../avr/lib/avr51/libc.a(memset.o)
                0x0000581e                memset
 .text.libgcc   0x0000582c       0x36 /usr/lib/gcc/avr/4.4.1/avr51/libgcc.a(_divmodsi4.o)
                0x0000582c                __divmodsi4
                0x00005862                . = ALIGN (0x2)
 *(.fini9)
 .fini9         0x00005862        0x0 /usr/lib/gcc/avr/4.4.1/avr51/libgcc.a(_exit.o)
                0x00005862                exit
                0x00005862                _exit
 *(.fini9)
 *(.fini8)
 *(.fini8)
 *(.fini7)
 *(.fini7)
 *(.fini6)
 *(.fini6)
 *(.fini5)
 *(.fini5)
 *(.fini4)
 *(.fini4)
 *(.fini3)
 *(.fini3)
 *(.fini2)
 *(.fini2)
 *(.fini1)
 *(.fini1)
 *(.fini0)
 .fini0         0x00005862        0x4 /usr/lib/gcc/avr/4.4.1/avr51/libgcc.a(_exit.o)
 *(.fini0)
                0x00005866                _etext = .

.data           0x00800100       0xbe load address 0x00005866
                0x00800100                PROVIDE (__data_start, .)
 *(.data)
 .data          0x00800100        0x0 /usr/lib/gcc/avr/4.4.1/../../../../avr/lib/avr51/crtm128.o
 .data          0x00800100       0x3f main.o
 .data          0x0080013f        0x0 ../../../nano-RK/src/net/bmac/bmac.o
 .data          0x0080013f        0x0 ../../../nano-RK/src/radio/cc2420/source/hal_rf_set_channel.o
 .data          0x0080013f        0x0 ../../../nano-RK/src/radio/cc2420/source/hal_rf_wait_for_crystal_oscillator.o
 .data          0x0080013f        0x0 ../../../nano-RK/src/radio/cc2420/source/basic_rf.o
 .data          0x0080013f       0x23 ../../../nano-RK/src/platform/micaZ/source/ulib.o
                0x0080013f                NRK_LED_0
                0x00800151                NRK_FIFOP
                0x0080014b                NRK_SFD
                0x0080015b                NRK_DEBUG_3
                0x00800140                NRK_LED_1
                0x00800148                NRK_FIFO
                0x00800153                NRK_ADC_INPUT_1
                0x00800150                NRK_UART0_TXD
                0x00800141                NRK_LED_2
                0x00800152                NRK_ADC_INPUT_0
                0x00800159                NRK_DEBUG_1
                0x00800161                NRK_GPIO34
                0x00800142                NRK_VREG_EN
                0x0080014d                NRK_CCA
                0x00800156                NRK_ADC_INPUT_6
                0x0080014c                NRK_UART1_RTS
                0x00800158                NRK_DEBUG_0
                0x00800155                NRK_ADC_INPUT_3
                0x0080015f                NRK_GPIO26
                0x00800147                NRK_MISO
                0x00800160                NRK_GPIO28
                0x00800146                NRK_MOSI
                0x0080014a                NRK_UART1_TXD
                0x0080014f                NRK_UART0_RXD
                0x00800157                NRK_ADC_INPUT_7
                0x00800144                NRK_CSN
                0x0080014e                NRK_UART1_CTS
                0x0080015a                NRK_DEBUG_2
                0x0080015c                NRK_LED_3
                0x00800143                NRK_RESET_N
                0x0080015e                NRK_SPI_SS
                0x00800149                NRK_UART1_RXD
                0x00800154                NRK_ADC_INPUT_2
                0x00800145                NRK_SCK
                0x0080015d                NRK_BLED
 .data          0x00800162        0x0 ../../../nano-RK/src/platform/micaZ/source/hal_wait.o
 .data          0x00800162        0x0 ../../../nano-RK/src/platform/micaZ/source/nrk_eeprom.o
 .data          0x00800162        0x0 ../../../nano-RK/src/kernel/source/nrk.o
 .data          0x00800162        0x0 ../../../nano-RK/src/kernel/source/nrk_stats.o
 .data          0x00800162        0x3 ../../../nano-RK/src/kernel/source/nrk_error.o
 .data          0x00800165       0x4e ../../../nano-RK/src/kernel/source/nrk_stack_check.o
 .data          0x008001b3        0x0 ../../../nano-RK/src/kernel/source/nrk_events.o
 .data          0x008001b3        0x0 ../../../nano-RK/src/kernel/source/nrk_task.o
 .data          0x008001b3        0x0 ../../../nano-RK/src/kernel/source/nrk_time.o
 .data          0x008001b3        0x0 ../../../nano-RK/src/kernel/source/nrk_idle_task.o
 .data          0x008001b3        0x0 ../../../nano-RK/src/kernel/source/nrk_scheduler.o
 .data          0x008001b3        0x0 ../../../nano-RK/src/kernel/source/nrk_driver.o
 .data          0x008001b3        0x0 ../../../nano-RK/src/kernel/source/nrk_reserve.o
 .data          0x008001b3        0x0 ../../../nano-RK/src/kernel/source/nrk_sw_wdt.o
 .data          0x008001b3        0x0 ../../../nano-RK/src/kernel/hal/atmega128/nrk_timer.o
 .data          0x008001b3        0x0 ../../../nano-RK/src/kernel/hal/atmega128/nrk_status.o
 .data          0x008001b3        0x0 ../../../nano-RK/src/kernel/hal/atmega128/nrk_ext_int.o
 .data          0x008001b3        0x0 ../../../nano-RK/src/kernel/hal/atmega128/nrk_watchdog.o
 .data          0x008001b3        0x0 ../../../nano-RK/src/kernel/hal/atmega128/nrk_cpu.o
 .data          0x008001b3        0x0 ../../../nano-RK/src/kernel/hal/atmega128/atmel_hw_specific.o
 .data          0x008001b3        0x0 /usr/lib/gcc/avr/4.4.1/../../../../avr/lib/avr51/libprintf_min.a(vfprintf_min.o)
 .data          0x008001b3        0x0 /usr/lib/gcc/avr/4.4.1/avr51/libgcc.a(_mulsi3.o)
 .data          0x008001b3        0x0 /usr/lib/gcc/avr/4.4.1/avr51/libgcc.a(_udivmodhi4.o)
 .data          0x008001b3        0x0 /usr/lib/gcc/avr/4.4.1/avr51/libgcc.a(_divmodhi4.o)
 .data          0x008001b3        0x0 /usr/lib/gcc/avr/4.4.1/avr51/libgcc.a(_udivmodsi4.o)
 .data          0x008001b3        0x0 /usr/lib/gcc/avr/4.4.1/avr51/libgcc.a(_exit.o)
 .data          0x008001b3        0x0 /usr/lib/gcc/avr/4.4.1/avr51/libgcc.a(_clear_bss.o)
 .data          0x008001b3        0x4 /usr/lib/gcc/avr/4.4.1/../../../../avr/lib/avr51/libc.a(rand.o)
 .data          0x008001b7        0x0 /usr/lib/gcc/avr/4.4.1/../../../../avr/lib/avr51/libc.a(strchr_P.o)
 .data          0x008001b7        0x0 /usr/lib/gcc/avr/4.4.1/../../../../avr/lib/avr51/libc.a(fdevopen.o)
 .data          0x008001b7        0x0 /usr/lib/gcc/avr/4.4.1/../../../../avr/lib/avr51/libc.a(fputc.o)
 .data          0x008001b7        0x0 /usr/lib/gcc/avr/4.4.1/../../../../avr/lib/avr51/libc.a(iob.o)
 .data          0x008001b7        0x0 /usr/lib/gcc/avr/4.4.1/../../../../avr/lib/avr51/libc.a(printf.o)
 .data          0x008001b7        0x0 /usr/lib/gcc/avr/4.4.1/../../../../avr/lib/avr51/libc.a(putchar.o)
 .data          0x008001b7        0x0 /usr/lib/gcc/avr/4.4.1/../../../../avr/lib/avr51/libc.a(puts.o)
 .data          0x008001b7        0x0 /usr/lib/gcc/avr/4.4.1/../../../../avr/lib/avr51/libc.a(sprintf.o)
 .data          0x008001b7        0x0 /usr/lib/gcc/avr/4.4.1/../../../../avr/lib/avr51/libc.a(ultoa_invert.o)
 .data          0x008001b7        0x0 /usr/lib/gcc/avr/4.4.1/../../../../avr/lib/avr51/libc.a(eerd_byte_atmega128.o)
 .data          0x008001b7        0x0 /usr/lib/gcc/avr/4.4.1/../../../../avr/lib/avr51/libc.a(eewr_byte_atmega128.o)
 .data          0x008001b7        0x0 /usr/lib/gcc/avr/4.4.1/../../../../avr/lib/avr51/libc.a(calloc.o)
 .data          0x008001b7        0x6 /usr/lib/gcc/avr/4.4.1/../../../../avr/lib/avr51/libc.a(malloc.o)
                0x008001b9                __malloc_heap_start
                0x008001bb                __malloc_heap_end
                0x008001b7                __malloc_margin
 .data          0x008001bd        0x0 /usr/lib/gcc/avr/4.4.1/../../../../avr/lib/avr51/libc.a(memset.o)
 .data          0x008001bd        0x0 /usr/lib/gcc/avr/4.4.1/avr51/libgcc.a(_divmodsi4.o)
 *(.data*)
 *(.rodata)
 *(.rodata*)
 *(.gnu.linkonce.d*)
                0x008001be                . = ALIGN (0x2)
 *fill*         0x008001bd        0x1 00
                0x008001be                _edata = .
                0x008001be                PROVIDE (__data_end, .)

.bss            0x008001be      0x3a2
                0x008001be                PROVIDE (__bss_start, .)
 *(.bss)
 .bss           0x008001be        0x0 /usr/lib/gcc/avr/4.4.1/../../../../avr/lib/avr51/crtm128.o
 .bss           0x008001be        0x0 main.o
 .bss           0x008001be       0xb7 ../../../nano-RK/src/net/bmac/bmac.o
 .bss           0x00800275        0x0 ../../../nano-RK/src/radio/cc2420/source/hal_rf_set_channel.o
 .bss           0x00800275        0x0 ../../../nano-RK/src/radio/cc2420/source/hal_rf_wait_for_crystal_oscillator.o
 .bss           0x00800275        0x0 ../../../nano-RK/src/radio/cc2420/source/basic_rf.o
 .bss           0x00800275        0x0 ../../../nano-RK/src/platform/micaZ/source/ulib.o
 .bss           0x00800275        0x0 ../../../nano-RK/src/platform/micaZ/source/hal_wait.o
 .bss           0x00800275        0x0 ../../../nano-RK/src/platform/micaZ/source/nrk_eeprom.o
 .bss           0x00800275        0x0 ../../../nano-RK/src/kernel/source/nrk.o
 .bss           0x00800275        0x0 ../../../nano-RK/src/kernel/source/nrk_stats.o
 .bss           0x00800275        0x0 ../../../nano-RK/src/kernel/source/nrk_error.o
 .bss           0x00800275        0x0 ../../../nano-RK/src/kernel/source/nrk_stack_check.o
 .bss           0x00800275        0x0 ../../../nano-RK/src/kernel/source/nrk_events.o
 .bss           0x00800275        0x0 ../../../nano-RK/src/kernel/source/nrk_task.o
 .bss           0x00800275        0x0 ../../../nano-RK/src/kernel/source/nrk_time.o
 .bss           0x00800275        0x0 ../../../nano-RK/src/kernel/source/nrk_idle_task.o
 .bss           0x00800275        0x0 ../../../nano-RK/src/kernel/source/nrk_scheduler.o
 .bss           0x00800275        0x0 ../../../nano-RK/src/kernel/source/nrk_driver.o
 .bss           0x00800275        0x0 ../../../nano-RK/src/kernel/source/nrk_reserve.o
 .bss           0x00800275        0x0 ../../../nano-RK/src/kernel/source/nrk_sw_wdt.o
 .bss           0x00800275        0x0 ../../../nano-RK/src/kernel/hal/atmega128/nrk_timer.o
 .bss           0x00800275        0x0 ../../../nano-RK/src/kernel/hal/atmega128/nrk_status.o
 .bss           0x00800275        0x0 ../../../nano-RK/src/kernel/hal/atmega128/nrk_ext_int.o
 .bss           0x00800275        0x0 ../../../nano-RK/src/kernel/hal/atmega128/nrk_watchdog.o
 .bss           0x00800275        0x0 ../../../nano-RK/src/kernel/hal/atmega128/nrk_cpu.o
 .bss           0x00800275        0x0 ../../../nano-RK/src/kernel/hal/atmega128/atmel_hw_specific.o
 .bss           0x00800275        0x0 /usr/lib/gcc/avr/4.4.1/../../../../avr/lib/avr51/libprintf_min.a(vfprintf_min.o)
 .bss           0x00800275        0x0 /usr/lib/gcc/avr/4.4.1/avr51/libgcc.a(_mulsi3.o)
 .bss           0x00800275        0x0 /usr/lib/gcc/avr/4.4.1/avr51/libgcc.a(_udivmodhi4.o)
 .bss           0x00800275        0x0 /usr/lib/gcc/avr/4.4.1/avr51/libgcc.a(_divmodhi4.o)
 .bss           0x00800275        0x0 /usr/lib/gcc/avr/4.4.1/avr51/libgcc.a(_udivmodsi4.o)
 .bss           0x00800275        0x0 /usr/lib/gcc/avr/4.4.1/avr51/libgcc.a(_exit.o)
 .bss           0x00800275        0x0 /usr/lib/gcc/avr/4.4.1/avr51/libgcc.a(_clear_bss.o)
 .bss           0x00800275        0x0 /usr/lib/gcc/avr/4.4.1/../../../../avr/lib/avr51/libc.a(rand.o)
 .bss           0x00800275        0x0 /usr/lib/gcc/avr/4.4.1/../../../../avr/lib/avr51/libc.a(strchr_P.o)
 .bss           0x00800275        0x0 /usr/lib/gcc/avr/4.4.1/../../../../avr/lib/avr51/libc.a(fdevopen.o)
 .bss           0x00800275        0x0 /usr/lib/gcc/avr/4.4.1/../../../../avr/lib/avr51/libc.a(fputc.o)
 .bss           0x00800275        0x0 /usr/lib/gcc/avr/4.4.1/../../../../avr/lib/avr51/libc.a(iob.o)
 .bss           0x00800275        0x0 /usr/lib/gcc/avr/4.4.1/../../../../avr/lib/avr51/libc.a(printf.o)
 .bss           0x00800275        0x0 /usr/lib/gcc/avr/4.4.1/../../../../avr/lib/avr51/libc.a(putchar.o)
 .bss           0x00800275        0x0 /usr/lib/gcc/avr/4.4.1/../../../../avr/lib/avr51/libc.a(puts.o)
 .bss           0x00800275        0x0 /usr/lib/gcc/avr/4.4.1/../../../../avr/lib/avr51/libc.a(sprintf.o)
 .bss           0x00800275        0x0 /usr/lib/gcc/avr/4.4.1/../../../../avr/lib/avr51/libc.a(ultoa_invert.o)
 .bss           0x00800275        0x0 /usr/lib/gcc/avr/4.4.1/../../../../avr/lib/avr51/libc.a(eerd_byte_atmega128.o)
 .bss           0x00800275        0x0 /usr/lib/gcc/avr/4.4.1/../../../../avr/lib/avr51/libc.a(eewr_byte_atmega128.o)
 .bss           0x00800275        0x0 /usr/lib/gcc/avr/4.4.1/../../../../avr/lib/avr51/libc.a(calloc.o)
 .bss           0x00800275        0x0 /usr/lib/gcc/avr/4.4.1/../../../../avr/lib/avr51/libc.a(malloc.o)
 .bss           0x00800275        0x0 /usr/lib/gcc/avr/4.4.1/../../../../avr/lib/avr51/libc.a(memset.o)
 .bss           0x00800275        0x0 /usr/lib/gcc/avr/4.4.1/avr51/libgcc.a(_divmodsi4.o)
 *(.bss*)
 *(COMMON)
 COMMON         0x00800275      0x226 main.o
                0x00800275                error_task
                0x00800276                bmac_enable_signal
                0x00800277                rx_task_stack
                0x008002f7                bmac_rfTxInfo
                0x008002fe                _nrk_signal_list
                0x00800302                bmac_rx_pkt_signal
                0x00800303                rx_buf
                0x00800377                nrk_kernel_stk_ptr
                0x00800379                tx_buf
                0x008003ed                RX_TASK
                0x00800410                bmac_rfRxInfo
                0x00800419                error_num
                0x0080041a                nrk_idle_task_stk
                0x0080049a                bmac_tx_pkt_done_signal
 COMMON         0x0080049b        0x5 ../../../nano-RK/src/net/bmac/bmac.o
                0x0080049b                app_timer0_callback
                0x0080049d                _nrk_time_trigger
                0x0080049e                app_timer0_prescale
                0x0080049f                _nrk_prev_timer_val
 COMMON         0x008004a0       0x1b ../../../nano-RK/src/radio/cc2420/source/basic_rf.o
                0x008004a0                rx_ctr
                0x008004a4                radio_sem
                0x008004a6                security_enable
                0x008004a7                mdmctrl0
                0x008004a9                rfSettings
                0x008004b2                tmp_blah
                0x008004b4                auto_ack_enable
                0x008004b5                last_pkt_encrypted
                0x008004b6                tx_ctr
                0x008004ba                rx_ready
 COMMON         0x008004bb       0x92 ../../../nano-RK/src/kernel/source/nrk.o
                0x008004bb                _free_node
                0x008004bd                nrk_task_TCB
                0x00800520                next_next_wakeup
                0x00800522                nrk_sem_list
                0x00800525                nrk_task_init_cnt
                0x00800526                nrk_wakeup_signal
                0x00800527                nrk_high_ready_TCB
                0x00800529                nrk_cur_task_prio
                0x0080052a                _nrk_cpu_state
                0x0080052b                _head_node
                0x0080052d                nrk_system_time
                0x00800535                _nrk_resource_cnt
                0x00800536                nrk_cur_task_TCB
                0x00800538                nrk_high_ready_prio
                0x00800539                _nrk_readyQ
 COMMON         0x0080054d        0x1 ../../../nano-RK/src/kernel/source/nrk_scheduler.o
                0x0080054d                t
 COMMON         0x0080054e        0x8 ../../../nano-RK/src/kernel/hal/atmega128/nrk_ext_int.o
                0x0080054e                ext_int1_callback
                0x00800550                ext_int0_callback
                0x00800552                ext_int2_callback
                0x00800554                pc_int0_callback
 COMMON         0x00800556        0x6 /usr/lib/gcc/avr/4.4.1/../../../../avr/lib/avr51/libc.a(iob.o)
                0x00800556                __iob
 COMMON         0x0080055c        0x4 /usr/lib/gcc/avr/4.4.1/../../../../avr/lib/avr51/libc.a(malloc.o)
                0x0080055c                __brkval
                0x0080055e                __flp
                0x00800560                PROVIDE (__bss_end, .)
                0x00005866                __data_load_start = LOADADDR (.data)
                0x00005924                __data_load_end = (__data_load_start + SIZEOF (.data))

.noinit         0x00800560        0x0
                0x00800560                PROVIDE (__noinit_start, .)
 *(.noinit*)
                0x00800560                PROVIDE (__noinit_end, .)
                0x00800560                _end = .
                0x00800560                PROVIDE (__heap_start, .)

.eeprom         0x00810000        0x0
 *(.eeprom*)
                0x00810000                __eeprom_end = .

.stab           0x00000000     0xf78c
 *(.stab)
 .stab          0x00000000      0x750 /usr/lib/gcc/avr/4.4.1/../../../../avr/lib/avr51/crtm128.o
 .stab          0x00000750      0x954 main.o
                                0x960 (size before relaxing)
 .stab          0x000010a4     0x1a40 ../../../nano-RK/src/net/bmac/bmac.o
                               0x1cc8 (size before relaxing)
 .stab          0x00002ae4      0x21c ../../../nano-RK/src/radio/cc2420/source/hal_rf_set_channel.o
                                0x534 (size before relaxing)
 .stab          0x00002d00      0x21c ../../../nano-RK/src/radio/cc2420/source/hal_rf_wait_for_crystal_oscillator.o
                                0x534 (size before relaxing)
 .stab          0x00002f1c     0x1f98 ../../../nano-RK/src/radio/cc2420/source/basic_rf.o
                               0x234c (size before relaxing)
 .stab          0x00004eb4      0xf0c ../../../nano-RK/src/platform/micaZ/source/ulib.o
                               0x1278 (size before relaxing)
 .stab          0x00005dc0      0x210 ../../../nano-RK/src/platform/micaZ/source/hal_wait.o
                                0x528 (size before relaxing)
 .stab          0x00005fd0      0x630 ../../../nano-RK/src/platform/micaZ/source/nrk_eeprom.o
                                0x954 (size before relaxing)
 .stab          0x00006600      0x990 ../../../nano-RK/src/kernel/source/nrk.o
                                0xcfc (size before relaxing)
 .stab          0x00006f90      0x288 ../../../nano-RK/src/kernel/source/nrk_stats.o
                                0x684 (size before relaxing)
 .stab          0x00007218      0xaa4 ../../../nano-RK/src/kernel/source/nrk_error.o
                                0xeac (size before relaxing)
 .stab          0x00007cbc      0x450 ../../../nano-RK/src/kernel/source/nrk_stack_check.o
                                0x84c (size before relaxing)
 .stab          0x0000810c      0xccc ../../../nano-RK/src/kernel/source/nrk_events.o
                               0x10a4 (size before relaxing)
 .stab          0x00008dd8      0xfd8 ../../../nano-RK/src/kernel/source/nrk_task.o
                               0x13b0 (size before relaxing)
 .stab          0x00009db0      0x75c ../../../nano-RK/src/kernel/source/nrk_time.o
                                0xb34 (size before relaxing)
 .stab          0x0000a50c      0x30c ../../../nano-RK/src/kernel/source/nrk_idle_task.o
                                0x720 (size before relaxing)
 .stab          0x0000a818      0x738 ../../../nano-RK/src/kernel/source/nrk_scheduler.o
                                0xb10 (size before relaxing)
 .stab          0x0000af50       0xe4 ../../../nano-RK/src/kernel/source/nrk_driver.o
                                 0xf0 (size before relaxing)
 .stab          0x0000b034       0xe4 ../../../nano-RK/src/kernel/source/nrk_reserve.o
                                 0xf0 (size before relaxing)
 .stab          0x0000b118      0x1e0 ../../../nano-RK/src/kernel/source/nrk_sw_wdt.o
                                0x5a0 (size before relaxing)
 .stab          0x0000b2f8      0xcf0 ../../../nano-RK/src/kernel/hal/atmega128/nrk_timer.o
                               0x1038 (size before relaxing)
 .stab          0x0000bfe8      0x27c ../../../nano-RK/src/kernel/hal/atmega128/nrk_status.o
                                0x594 (size before relaxing)
 .stab          0x0000c264      0x33c ../../../nano-RK/src/kernel/hal/atmega128/nrk_ext_int.o
                                0x66c (size before relaxing)
 .stab          0x0000c5a0      0x36c ../../../nano-RK/src/kernel/hal/atmega128/nrk_watchdog.o
                                0x69c (size before relaxing)
 .stab          0x0000c90c      0x738 ../../../nano-RK/src/kernel/hal/atmega128/nrk_cpu.o
                                0xb04 (size before relaxing)
 .stab          0x0000d044      0x204 ../../../nano-RK/src/kernel/hal/atmega128/atmel_hw_specific.o
                                0x210 (size before relaxing)
 .stab          0x0000d248      0x858 /usr/lib/gcc/avr/4.4.1/../../../../avr/lib/avr51/libprintf_min.a(vfprintf_min.o)
                                0x864 (size before relaxing)
 .stab          0x0000daa0      0x300 /usr/lib/gcc/avr/4.4.1/../../../../avr/lib/avr51/libc.a(rand.o)
                                0x33c (size before relaxing)
 .stab          0x0000dda0       0x9c /usr/lib/gcc/avr/4.4.1/../../../../avr/lib/avr51/libc.a(strchr_P.o)
                                 0xa8 (size before relaxing)
 .stab          0x0000de3c      0x270 /usr/lib/gcc/avr/4.4.1/../../../../avr/lib/avr51/libc.a(fdevopen.o)
                                0x498 (size before relaxing)
 .stab          0x0000e0ac      0x1d4 /usr/lib/gcc/avr/4.4.1/../../../../avr/lib/avr51/libc.a(fputc.o)
                                0x3b4 (size before relaxing)
 .stab          0x0000e280      0x12c /usr/lib/gcc/avr/4.4.1/../../../../avr/lib/avr51/libc.a(iob.o)
                                0x30c (size before relaxing)
 .stab          0x0000e3ac      0x18c /usr/lib/gcc/avr/4.4.1/../../../../avr/lib/avr51/libc.a(printf.o)
                                0x36c (size before relaxing)
 .stab          0x0000e538      0x180 /usr/lib/gcc/avr/4.4.1/../../../../avr/lib/avr51/libc.a(putchar.o)
                                0x360 (size before relaxing)
 .stab          0x0000e6b8      0x1d4 /usr/lib/gcc/avr/4.4.1/../../../../avr/lib/avr51/libc.a(puts.o)
                                0x3b4 (size before relaxing)
 .stab          0x0000e88c      0x1f8 /usr/lib/gcc/avr/4.4.1/../../../../avr/lib/avr51/libc.a(sprintf.o)
                                0x3d8 (size before relaxing)
 .stab          0x0000ea84      0x480 /usr/lib/gcc/avr/4.4.1/../../../../avr/lib/avr51/libc.a(ultoa_invert.o)
                                0x48c (size before relaxing)
 .stab          0x0000ef04       0x90 /usr/lib/gcc/avr/4.4.1/../../../../avr/lib/avr51/libc.a(eerd_byte_atmega128.o)
                                 0x9c (size before relaxing)
 .stab          0x0000ef94       0xd8 /usr/lib/gcc/avr/4.4.1/../../../../avr/lib/avr51/libc.a(eewr_byte_atmega128.o)
                                 0xe4 (size before relaxing)
 .stab          0x0000f06c      0x174 /usr/lib/gcc/avr/4.4.1/../../../../avr/lib/avr51/libc.a(calloc.o)
                                0x1d4 (size before relaxing)
 .stab          0x0000f1e0      0x540 /usr/lib/gcc/avr/4.4.1/../../../../avr/lib/avr51/libc.a(malloc.o)
                                0x720 (size before relaxing)
 .stab          0x0000f720       0x6c /usr/lib/gcc/avr/4.4.1/../../../../avr/lib/avr51/libc.a(memset.o)
                                 0x78 (size before relaxing)

.stabstr        0x00000000     0x6282
 *(.stabstr)
 .stabstr       0x00000000     0x6282 /usr/lib/gcc/avr/4.4.1/../../../../avr/lib/avr51/crtm128.o

.stab.excl
 *(.stab.excl)

.stab.exclstr
 *(.stab.exclstr)

.stab.index
 *(.stab.index)

.stab.indexstr
 *(.stab.indexstr)

.comment
 *(.comment)

.debug
 *(.debug)

.line
 *(.line)

.debug_srcinfo
 *(.debug_srcinfo)

.debug_sfnames
 *(.debug_sfnames)

.debug_aranges
 *(.debug_aranges)

.debug_pubnames
 *(.debug_pubnames)

.debug_info
 *(.debug_info)
 *(.gnu.linkonce.wi.*)

.debug_abbrev
 *(.debug_abbrev)

.debug_line
 *(.debug_line)

.debug_frame
 *(.debug_frame)

.debug_str
 *(.debug_str)

.debug_loc
 *(.debug_loc)

.debug_macinfo
 *(.debug_macinfo)
OUTPUT(main.elf elf32-avr)
LOAD linker stubs

Cross Reference Table

Symbol                                            File
NRK_ADC_INPUT_0                                   ../../../nano-RK/src/platform/micaZ/source/ulib.o
NRK_ADC_INPUT_1                                   ../../../nano-RK/src/platform/micaZ/source/ulib.o
NRK_ADC_INPUT_2                                   ../../../nano-RK/src/platform/micaZ/source/ulib.o
NRK_ADC_INPUT_3                                   ../../../nano-RK/src/platform/micaZ/source/ulib.o
NRK_ADC_INPUT_6                                   ../../../nano-RK/src/platform/micaZ/source/ulib.o
NRK_ADC_INPUT_7                                   ../../../nano-RK/src/platform/micaZ/source/ulib.o
NRK_BLED                                          ../../../nano-RK/src/platform/micaZ/source/ulib.o
NRK_CCA                                           ../../../nano-RK/src/platform/micaZ/source/ulib.o
NRK_CSN                                           ../../../nano-RK/src/platform/micaZ/source/ulib.o
NRK_DEBUG_0                                       ../../../nano-RK/src/platform/micaZ/source/ulib.o
                                                  ../../../nano-RK/src/radio/cc2420/source/basic_rf.o
NRK_DEBUG_1                                       ../../../nano-RK/src/platform/micaZ/source/ulib.o
                                                  ../../../nano-RK/src/radio/cc2420/source/basic_rf.o
NRK_DEBUG_2                                       ../../../nano-RK/src/platform/micaZ/source/ulib.o
NRK_DEBUG_3                                       ../../../nano-RK/src/platform/micaZ/source/ulib.o
NRK_FIFO                                          ../../../nano-RK/src/platform/micaZ/source/ulib.o
NRK_FIFOP                                         ../../../nano-RK/src/platform/micaZ/source/ulib.o
NRK_GPIO26                                        ../../../nano-RK/src/platform/micaZ/source/ulib.o
NRK_GPIO28                                        ../../../nano-RK/src/platform/micaZ/source/ulib.o
NRK_GPIO34                                        ../../../nano-RK/src/platform/micaZ/source/ulib.o
NRK_LED_0                                         ../../../nano-RK/src/platform/micaZ/source/ulib.o
NRK_LED_1                                         ../../../nano-RK/src/platform/micaZ/source/ulib.o
NRK_LED_2                                         ../../../nano-RK/src/platform/micaZ/source/ulib.o
NRK_LED_3                                         ../../../nano-RK/src/platform/micaZ/source/ulib.o
NRK_MISO                                          ../../../nano-RK/src/platform/micaZ/source/ulib.o
NRK_MOSI                                          ../../../nano-RK/src/platform/micaZ/source/ulib.o
NRK_RESET_N                                       ../../../nano-RK/src/platform/micaZ/source/ulib.o
NRK_SCK                                           ../../../nano-RK/src/platform/micaZ/source/ulib.o
NRK_SFD                                           ../../../nano-RK/src/platform/micaZ/source/ulib.o
NRK_SPI_SS                                        ../../../nano-RK/src/platform/micaZ/source/ulib.o
NRK_UART0_RXD                                     ../../../nano-RK/src/platform/micaZ/source/ulib.o
NRK_UART0_TXD                                     ../../../nano-RK/src/platform/micaZ/source/ulib.o
NRK_UART1_CTS                                     ../../../nano-RK/src/platform/micaZ/source/ulib.o
NRK_UART1_RTS                                     ../../../nano-RK/src/platform/micaZ/source/ulib.o
NRK_UART1_RXD                                     ../../../nano-RK/src/platform/micaZ/source/ulib.o
NRK_UART1_TXD                                     ../../../nano-RK/src/platform/micaZ/source/ulib.o
NRK_VREG_EN                                       ../../../nano-RK/src/platform/micaZ/source/ulib.o
RX_TASK                                           main.o
__bad_interrupt                                   /usr/lib/gcc/avr/4.4.1/../../../../avr/lib/avr51/crtm128.o
__brkval                                          /usr/lib/gcc/avr/4.4.1/../../../../avr/lib/avr51/libc.a(malloc.o)
__bss_end                                         /usr/lib/gcc/avr/4.4.1/avr51/libgcc.a(_clear_bss.o)
__bss_start                                       /usr/lib/gcc/avr/4.4.1/avr51/libgcc.a(_clear_bss.o)
__data_end                                        /usr/lib/gcc/avr/4.4.1/../../../../avr/lib/avr51/crtm128.o
__data_load_start                                 /usr/lib/gcc/avr/4.4.1/../../../../avr/lib/avr51/crtm128.o
__data_start                                      /usr/lib/gcc/avr/4.4.1/../../../../avr/lib/avr51/crtm128.o
__divmodhi4                                       /usr/lib/gcc/avr/4.4.1/avr51/libgcc.a(_divmodhi4.o)
                                                  ../../../nano-RK/src/net/bmac/bmac.o
__divmodsi4                                       /usr/lib/gcc/avr/4.4.1/avr51/libgcc.a(_divmodsi4.o)
                                                  /usr/lib/gcc/avr/4.4.1/../../../../avr/lib/avr51/libc.a(rand.o)
__do_clear_bss                                    /usr/lib/gcc/avr/4.4.1/avr51/libgcc.a(_clear_bss.o)
                                                  /usr/lib/gcc/avr/4.4.1/../../../../avr/lib/avr51/libc.a(malloc.o)
                                                  /usr/lib/gcc/avr/4.4.1/../../../../avr/lib/avr51/libc.a(calloc.o)
                                                  /usr/lib/gcc/avr/4.4.1/../../../../avr/lib/avr51/libc.a(sprintf.o)
                                                  /usr/lib/gcc/avr/4.4.1/../../../../avr/lib/avr51/libc.a(puts.o)
                                                  /usr/lib/gcc/avr/4.4.1/../../../../avr/lib/avr51/libc.a(putchar.o)
                                                  /usr/lib/gcc/avr/4.4.1/../../../../avr/lib/avr51/libc.a(printf.o)
                                                  /usr/lib/gcc/avr/4.4.1/../../../../avr/lib/avr51/libc.a(iob.o)
                                                  /usr/lib/gcc/avr/4.4.1/../../../../avr/lib/avr51/libc.a(fputc.o)
                                                  /usr/lib/gcc/avr/4.4.1/../../../../avr/lib/avr51/libc.a(fdevopen.o)
                                                  /usr/lib/gcc/avr/4.4.1/../../../../avr/lib/avr51/libc.a(rand.o)
                                                  /usr/lib/gcc/avr/4.4.1/../../../../avr/lib/avr51/libprintf_min.a(vfprintf_min.o)
                                                  ../../../nano-RK/src/kernel/hal/atmega128/nrk_cpu.o
                                                  ../../../nano-RK/src/kernel/hal/atmega128/nrk_watchdog.o
                                                  ../../../nano-RK/src/kernel/hal/atmega128/nrk_ext_int.o
                                                  ../../../nano-RK/src/kernel/hal/atmega128/nrk_status.o
                                                  ../../../nano-RK/src/kernel/hal/atmega128/nrk_timer.o
                                                  ../../../nano-RK/src/kernel/source/nrk_sw_wdt.o
                                                  ../../../nano-RK/src/kernel/source/nrk_reserve.o
                                                  ../../../nano-RK/src/kernel/source/nrk_driver.o
                                                  ../../../nano-RK/src/kernel/source/nrk_scheduler.o
                                                  ../../../nano-RK/src/kernel/source/nrk_idle_task.o
                                                  ../../../nano-RK/src/kernel/source/nrk_time.o
                                                  ../../../nano-RK/src/kernel/source/nrk_task.o
                                                  ../../../nano-RK/src/kernel/source/nrk_events.o
                                                  ../../../nano-RK/src/kernel/source/nrk_stack_check.o
                                                  ../../../nano-RK/src/kernel/source/nrk_error.o
                                                  ../../../nano-RK/src/kernel/source/nrk_stats.o
                                                  ../../../nano-RK/src/kernel/source/nrk.o
                                                  ../../../nano-RK/src/platform/micaZ/source/nrk_eeprom.o
                                                  ../../../nano-RK/src/platform/micaZ/source/hal_wait.o
                                                  ../../../nano-RK/src/platform/micaZ/source/ulib.o
                                                  ../../../nano-RK/src/radio/cc2420/source/basic_rf.o
                                                  ../../../nano-RK/src/radio/cc2420/source/hal_rf_wait_for_crystal_oscillator.o
                                                  ../../../nano-RK/src/radio/cc2420/source/hal_rf_set_channel.o
                                                  ../../../nano-RK/src/net/bmac/bmac.o
                                                  main.o
__do_copy_data                                    /usr/lib/gcc/avr/4.4.1/../../../../avr/lib/avr51/crtm128.o
                                                  /usr/lib/gcc/avr/4.4.1/../../../../avr/lib/avr51/libc.a(malloc.o)
                                                  /usr/lib/gcc/avr/4.4.1/../../../../avr/lib/avr51/libc.a(calloc.o)
                                                  /usr/lib/gcc/avr/4.4.1/../../../../avr/lib/avr51/libc.a(sprintf.o)
                                                  /usr/lib/gcc/avr/4.4.1/../../../../avr/lib/avr51/libc.a(puts.o)
                                                  /usr/lib/gcc/avr/4.4.1/../../../../avr/lib/avr51/libc.a(putchar.o)
                                                  /usr/lib/gcc/avr/4.4.1/../../../../avr/lib/avr51/libc.a(printf.o)
                                                  /usr/lib/gcc/avr/4.4.1/../../../../avr/lib/avr51/libc.a(iob.o)
                                                  /usr/lib/gcc/avr/4.4.1/../../../../avr/lib/avr51/libc.a(fputc.o)
                                                  /usr/lib/gcc/avr/4.4.1/../../../../avr/lib/avr51/libc.a(fdevopen.o)
                                                  /usr/lib/gcc/avr/4.4.1/../../../../avr/lib/avr51/libc.a(rand.o)
                                                  /usr/lib/gcc/avr/4.4.1/../../../../avr/lib/avr51/libprintf_min.a(vfprintf_min.o)
                                                  ../../../nano-RK/src/kernel/hal/atmega128/nrk_cpu.o
                                                  ../../../nano-RK/src/kernel/hal/atmega128/nrk_watchdog.o
                                                  ../../../nano-RK/src/kernel/hal/atmega128/nrk_ext_int.o
                                                  ../../../nano-RK/src/kernel/hal/atmega128/nrk_status.o
                                                  ../../../nano-RK/src/kernel/hal/atmega128/nrk_timer.o
                                                  ../../../nano-RK/src/kernel/source/nrk_sw_wdt.o
                                                  ../../../nano-RK/src/kernel/source/nrk_reserve.o
                                                  ../../../nano-RK/src/kernel/source/nrk_driver.o
                                                  ../../../nano-RK/src/kernel/source/nrk_scheduler.o
                                                  ../../../nano-RK/src/kernel/source/nrk_idle_task.o
                                                  ../../../nano-RK/src/kernel/source/nrk_time.o
                                                  ../../../nano-RK/src/kernel/source/nrk_task.o
                                                  ../../../nano-RK/src/kernel/source/nrk_events.o
                                                  ../../../nano-RK/src/kernel/source/nrk_stack_check.o
                                                  ../../../nano-RK/src/kernel/source/nrk_error.o
                                                  ../../../nano-RK/src/kernel/source/nrk_stats.o
                                                  ../../../nano-RK/src/kernel/source/nrk.o
                                                  ../../../nano-RK/src/platform/micaZ/source/nrk_eeprom.o
                                                  ../../../nano-RK/src/platform/micaZ/source/hal_wait.o
                                                  ../../../nano-RK/src/platform/micaZ/source/ulib.o
                                                  ../../../nano-RK/src/radio/cc2420/source/basic_rf.o
                                                  ../../../nano-RK/src/radio/cc2420/source/hal_rf_wait_for_crystal_oscillator.o
                                                  ../../../nano-RK/src/radio/cc2420/source/hal_rf_set_channel.o
                                                  ../../../nano-RK/src/net/bmac/bmac.o
                                                  main.o
__eerd_byte_m128                                  /usr/lib/gcc/avr/4.4.1/../../../../avr/lib/avr51/libc.a(eerd_byte_atmega128.o)
                                                  ../../../nano-RK/src/platform/micaZ/source/nrk_eeprom.o
__eewr_byte_m128                                  /usr/lib/gcc/avr/4.4.1/../../../../avr/lib/avr51/libc.a(eewr_byte_atmega128.o)
                                                  ../../../nano-RK/src/platform/micaZ/source/nrk_eeprom.o
__eewr_r18_m128                                   /usr/lib/gcc/avr/4.4.1/../../../../avr/lib/avr51/libc.a(eewr_byte_atmega128.o)
__flp                                             /usr/lib/gcc/avr/4.4.1/../../../../avr/lib/avr51/libc.a(malloc.o)
__heap_end                                        /usr/lib/gcc/avr/4.4.1/../../../../avr/lib/avr51/crtm128.o
                                                  /usr/lib/gcc/avr/4.4.1/../../../../avr/lib/avr51/libc.a(malloc.o)
__heap_start                                      /usr/lib/gcc/avr/4.4.1/../../../../avr/lib/avr51/libc.a(malloc.o)
__init                                            /usr/lib/gcc/avr/4.4.1/../../../../avr/lib/avr51/crtm128.o
__iob                                             /usr/lib/gcc/avr/4.4.1/../../../../avr/lib/avr51/libc.a(puts.o)
                                                  /usr/lib/gcc/avr/4.4.1/../../../../avr/lib/avr51/libc.a(putchar.o)
                                                  /usr/lib/gcc/avr/4.4.1/../../../../avr/lib/avr51/libc.a(printf.o)
                                                  /usr/lib/gcc/avr/4.4.1/../../../../avr/lib/avr51/libc.a(iob.o)
                                                  /usr/lib/gcc/avr/4.4.1/../../../../avr/lib/avr51/libc.a(fdevopen.o)
                                                  ../../../nano-RK/src/kernel/source/nrk_error.o
                                                  ../../../nano-RK/src/platform/micaZ/source/ulib.o
__malloc_heap_end                                 /usr/lib/gcc/avr/4.4.1/../../../../avr/lib/avr51/libc.a(malloc.o)
__malloc_heap_start                               /usr/lib/gcc/avr/4.4.1/../../../../avr/lib/avr51/libc.a(malloc.o)
__malloc_margin                                   /usr/lib/gcc/avr/4.4.1/../../../../avr/lib/avr51/libc.a(malloc.o)
__mulsi3                                          /usr/lib/gcc/avr/4.4.1/avr51/libgcc.a(_mulsi3.o)
                                                  /usr/lib/gcc/avr/4.4.1/../../../../avr/lib/avr51/libc.a(rand.o)
                                                  ../../../nano-RK/src/kernel/source/nrk_scheduler.o
                                                  ../../../nano-RK/src/kernel/source/nrk_time.o
__stack                                           /usr/lib/gcc/avr/4.4.1/../../../../avr/lib/avr51/crtm128.o
__udivmodhi4                                      /usr/lib/gcc/avr/4.4.1/avr51/libgcc.a(_udivmodhi4.o)
                                                  /usr/lib/gcc/avr/4.4.1/avr51/libgcc.a(_divmodhi4.o)
                                                  ../../../nano-RK/src/kernel/source/nrk_scheduler.o
                                                  ../../../nano-RK/src/net/bmac/bmac.o
__udivmodsi4                                      /usr/lib/gcc/avr/4.4.1/avr51/libgcc.a(_udivmodsi4.o)
                                                  /usr/lib/gcc/avr/4.4.1/avr51/libgcc.a(_divmodsi4.o)
                                                  ../../../nano-RK/src/kernel/source/nrk_scheduler.o
                                                  ../../../nano-RK/src/kernel/source/nrk_time.o
__ultoa_invert                                    /usr/lib/gcc/avr/4.4.1/../../../../avr/lib/avr51/libc.a(ultoa_invert.o)
                                                  /usr/lib/gcc/avr/4.4.1/../../../../avr/lib/avr51/libprintf_min.a(vfprintf_min.o)
__vector_1                                        ../../../nano-RK/src/kernel/hal/atmega128/nrk_ext_int.o
                                                  /usr/lib/gcc/avr/4.4.1/../../../../avr/lib/avr51/crtm128.o
__vector_10                                       /usr/lib/gcc/avr/4.4.1/../../../../avr/lib/avr51/crtm128.o
__vector_11                                       /usr/lib/gcc/avr/4.4.1/../../../../avr/lib/avr51/crtm128.o
__vector_12                                       /usr/lib/gcc/avr/4.4.1/../../../../avr/lib/avr51/crtm128.o
__vector_13                                       /usr/lib/gcc/avr/4.4.1/../../../../avr/lib/avr51/crtm128.o
__vector_14                                       /usr/lib/gcc/avr/4.4.1/../../../../avr/lib/avr51/crtm128.o
__vector_15                                       ../../../nano-RK/src/kernel/hal/atmega128/nrk_timer.o
                                                  /usr/lib/gcc/avr/4.4.1/../../../../avr/lib/avr51/crtm128.o
__vector_16                                       ../../../nano-RK/src/kernel/hal/atmega128/nrk_timer.o
                                                  /usr/lib/gcc/avr/4.4.1/../../../../avr/lib/avr51/crtm128.o
__vector_17                                       /usr/lib/gcc/avr/4.4.1/../../../../avr/lib/avr51/crtm128.o
__vector_18                                       /usr/lib/gcc/avr/4.4.1/../../../../avr/lib/avr51/crtm128.o
__vector_19                                       /usr/lib/gcc/avr/4.4.1/../../../../avr/lib/avr51/crtm128.o
__vector_2                                        /usr/lib/gcc/avr/4.4.1/../../../../avr/lib/avr51/crtm128.o
__vector_20                                       /usr/lib/gcc/avr/4.4.1/../../../../avr/lib/avr51/crtm128.o
__vector_21                                       /usr/lib/gcc/avr/4.4.1/../../../../avr/lib/avr51/crtm128.o
__vector_22                                       /usr/lib/gcc/avr/4.4.1/../../../../avr/lib/avr51/crtm128.o
__vector_23                                       /usr/lib/gcc/avr/4.4.1/../../../../avr/lib/avr51/crtm128.o
__vector_24                                       /usr/lib/gcc/avr/4.4.1/../../../../avr/lib/avr51/crtm128.o
__vector_25                                       /usr/lib/gcc/avr/4.4.1/../../../../avr/lib/avr51/crtm128.o
__vector_26                                       /usr/lib/gcc/avr/4.4.1/../../../../avr/lib/avr51/crtm128.o
__vector_27                                       /usr/lib/gcc/avr/4.4.1/../../../../avr/lib/avr51/crtm128.o
__vector_28                                       /usr/lib/gcc/avr/4.4.1/../../../../avr/lib/avr51/crtm128.o
__vector_29                                       /usr/lib/gcc/avr/4.4.1/../../../../avr/lib/avr51/crtm128.o
__vector_3                                        /usr/lib/gcc/avr/4.4.1/../../../../avr/lib/avr51/crtm128.o
__vector_30                                       /usr/lib/gcc/avr/4.4.1/../../../../avr/lib/avr51/crtm128.o
__vector_31                                       /usr/lib/gcc/avr/4.4.1/../../../../avr/lib/avr51/crtm128.o
__vector_32                                       /usr/lib/gcc/avr/4.4.1/../../../../avr/lib/avr51/crtm128.o
__vector_33                                       /usr/lib/gcc/avr/4.4.1/../../../../avr/lib/avr51/crtm128.o
__vector_34                                       /usr/lib/gcc/avr/4.4.1/../../../../avr/lib/avr51/crtm128.o
__vector_4                                        /usr/lib/gcc/avr/4.4.1/../../../../avr/lib/avr51/crtm128.o
__vector_5                                        /usr/lib/gcc/avr/4.4.1/../../../../avr/lib/avr51/crtm128.o
__vector_6                                        /usr/lib/gcc/avr/4.4.1/../../../../avr/lib/avr51/crtm128.o
__vector_7                                        /usr/lib/gcc/avr/4.4.1/../../../../avr/lib/avr51/crtm128.o
__vector_8                                        /usr/lib/gcc/avr/4.4.1/../../../../avr/lib/avr51/crtm128.o
__vector_9                                        ../../../nano-RK/src/kernel/hal/atmega128/nrk_timer.o
                                                  /usr/lib/gcc/avr/4.4.1/../../../../avr/lib/avr51/crtm128.o
__vector_default                                  ../../../nano-RK/src/kernel/hal/atmega128/nrk_timer.o
                                                  /usr/lib/gcc/avr/4.4.1/../../../../avr/lib/avr51/crtm128.o
__vectors                                         /usr/lib/gcc/avr/4.4.1/../../../../avr/lib/avr51/crtm128.o
_b_pow                                            ../../../nano-RK/src/net/bmac/bmac.o
_bmac_channel_check                               ../../../nano-RK/src/net/bmac/bmac.o
_bmac_rx                                          ../../../nano-RK/src/net/bmac/bmac.o
_bmac_tx                                          ../../../nano-RK/src/net/bmac/bmac.o
_div                                              /usr/lib/gcc/avr/4.4.1/avr51/libgcc.a(_divmodhi4.o)
_exit                                             /usr/lib/gcc/avr/4.4.1/avr51/libgcc.a(_exit.o)
_free_node                                        ../../../nano-RK/src/kernel/hal/atmega128/nrk_cpu.o
                                                  ../../../nano-RK/src/kernel/source/nrk_scheduler.o
                                                  ../../../nano-RK/src/kernel/source/nrk_task.o
                                                  ../../../nano-RK/src/kernel/source/nrk_events.o
                                                  ../../../nano-RK/src/kernel/source/nrk_stats.o
                                                  ../../../nano-RK/src/kernel/source/nrk.o
_head_node                                        ../../../nano-RK/src/kernel/hal/atmega128/nrk_cpu.o
                                                  ../../../nano-RK/src/kernel/source/nrk_scheduler.o
                                                  ../../../nano-RK/src/kernel/source/nrk_task.o
                                                  ../../../nano-RK/src/kernel/source/nrk_events.o
                                                  ../../../nano-RK/src/kernel/source/nrk_stats.o
                                                  ../../../nano-RK/src/kernel/source/nrk.o
_nrk_cpu_state                                    ../../../nano-RK/src/kernel/source/nrk_scheduler.o
                                                  ../../../nano-RK/src/kernel/source/nrk_idle_task.o
                                                  ../../../nano-RK/src/kernel/source/nrk_task.o
                                                  ../../../nano-RK/src/kernel/source/nrk_events.o
                                                  ../../../nano-RK/src/kernel/source/nrk.o
_nrk_errno_set                                    ../../../nano-RK/src/kernel/source/nrk_error.o
                                                  ../../../nano-RK/src/kernel/source/nrk_events.o
_nrk_get_next_wakeup                              ../../../nano-RK/src/kernel/hal/atmega128/nrk_timer.o
                                                  ../../../nano-RK/src/kernel/source/nrk_idle_task.o
                                                  ../../../nano-RK/src/kernel/source/nrk_task.o
_nrk_high_speed_timer_get                         ../../../nano-RK/src/kernel/hal/atmega128/nrk_timer.o
                                                  ../../../nano-RK/src/kernel/source/nrk_scheduler.o
_nrk_high_speed_timer_reset                       ../../../nano-RK/src/kernel/hal/atmega128/nrk_timer.o
                                                  ../../../nano-RK/src/kernel/source/nrk_scheduler.o
_nrk_high_speed_timer_start                       ../../../nano-RK/src/kernel/hal/atmega128/nrk_timer.o
_nrk_high_speed_timer_stop                        ../../../nano-RK/src/kernel/hal/atmega128/nrk_timer.o
_nrk_os_timer_get                                 ../../../nano-RK/src/kernel/hal/atmega128/nrk_timer.o
                                                  ../../../nano-RK/src/kernel/source/nrk_scheduler.o
                                                  ../../../nano-RK/src/kernel/source/nrk_time.o
                                                  ../../../nano-RK/src/kernel/source/nrk_task.o
                                                  ../../../nano-RK/src/radio/cc2420/source/basic_rf.o
_nrk_os_timer_reset                               ../../../nano-RK/src/kernel/hal/atmega128/nrk_timer.o
_nrk_os_timer_set                                 ../../../nano-RK/src/kernel/hal/atmega128/nrk_timer.o
_nrk_os_timer_start                               ../../../nano-RK/src/kernel/hal/atmega128/nrk_timer.o
_nrk_os_timer_stop                                ../../../nano-RK/src/kernel/hal/atmega128/nrk_timer.o
_nrk_prev_timer_val                               ../../../nano-RK/src/kernel/hal/atmega128/nrk_cpu.o
                                                  ../../../nano-RK/src/kernel/hal/atmega128/nrk_timer.o
                                                  ../../../nano-RK/src/kernel/source/nrk_scheduler.o
                                                  ../../../nano-RK/src/kernel/source/nrk_idle_task.o
                                                  ../../../nano-RK/src/kernel/source/nrk_time.o
                                                  ../../../nano-RK/src/kernel/source/nrk_task.o
                                                  ../../../nano-RK/src/kernel/source/nrk_events.o
                                                  ../../../nano-RK/src/kernel/source/nrk_error.o
                                                  ../../../nano-RK/src/radio/cc2420/source/basic_rf.o
                                                  ../../../nano-RK/src/net/bmac/bmac.o
_nrk_readyQ                                       ../../../nano-RK/src/kernel/hal/atmega128/nrk_cpu.o
                                                  ../../../nano-RK/src/kernel/source/nrk_scheduler.o
                                                  ../../../nano-RK/src/kernel/source/nrk_events.o
                                                  ../../../nano-RK/src/kernel/source/nrk_stats.o
                                                  ../../../nano-RK/src/kernel/source/nrk.o
_nrk_resource_cnt                                 ../../../nano-RK/src/kernel/hal/atmega128/nrk_cpu.o
                                                  ../../../nano-RK/src/kernel/source/nrk_scheduler.o
                                                  ../../../nano-RK/src/kernel/source/nrk_events.o
                                                  ../../../nano-RK/src/kernel/source/nrk_stats.o
                                                  ../../../nano-RK/src/kernel/source/nrk.o
_nrk_scheduler                                    ../../../nano-RK/src/kernel/source/nrk_scheduler.o
                                                  ../../../nano-RK/src/kernel/source/nrk.o
_nrk_set_next_wakeup                              ../../../nano-RK/src/kernel/hal/atmega128/nrk_timer.o
                                                  ../../../nano-RK/src/kernel/source/nrk_scheduler.o
                                                  ../../../nano-RK/src/kernel/source/nrk_task.o
_nrk_setup_timer                                  ../../../nano-RK/src/kernel/hal/atmega128/nrk_timer.o
                                                  ../../../nano-RK/src/kernel/hal/atmega128/nrk_cpu.o
_nrk_signal_list                                  ../../../nano-RK/src/kernel/hal/atmega128/nrk_cpu.o
                                                  ../../../nano-RK/src/kernel/hal/atmega128/nrk_watchdog.o
                                                  ../../../nano-RK/src/kernel/hal/atmega128/nrk_ext_int.o
                                                  ../../../nano-RK/src/kernel/hal/atmega128/nrk_status.o
                                                  ../../../nano-RK/src/kernel/hal/atmega128/nrk_timer.o
                                                  ../../../nano-RK/src/kernel/source/nrk_sw_wdt.o
                                                  ../../../nano-RK/src/kernel/source/nrk_scheduler.o
                                                  ../../../nano-RK/src/kernel/source/nrk_idle_task.o
                                                  ../../../nano-RK/src/kernel/source/nrk_time.o
                                                  ../../../nano-RK/src/kernel/source/nrk_task.o
                                                  ../../../nano-RK/src/kernel/source/nrk_events.o
                                                  ../../../nano-RK/src/kernel/source/nrk_stack_check.o
                                                  ../../../nano-RK/src/kernel/source/nrk_error.o
                                                  ../../../nano-RK/src/kernel/source/nrk_stats.o
                                                  ../../../nano-RK/src/kernel/source/nrk.o
                                                  ../../../nano-RK/src/platform/micaZ/source/nrk_eeprom.o
                                                  ../../../nano-RK/src/platform/micaZ/source/hal_wait.o
                                                  ../../../nano-RK/src/platform/micaZ/source/ulib.o
                                                  ../../../nano-RK/src/radio/cc2420/source/basic_rf.o
                                                  ../../../nano-RK/src/radio/cc2420/source/hal_rf_wait_for_crystal_oscillator.o
                                                  ../../../nano-RK/src/radio/cc2420/source/hal_rf_set_channel.o
                                                  ../../../nano-RK/src/net/bmac/bmac.o
                                                  main.o
_nrk_startup_error                                ../../../nano-RK/src/kernel/hal/atmega128/nrk_status.o
                                                  ../../../nano-RK/src/kernel/source/nrk.o
_nrk_ticks_to_time                                ../../../nano-RK/src/kernel/source/nrk_time.o
_nrk_time_to_ticks                                ../../../nano-RK/src/kernel/source/nrk_time.o
                                                  ../../../nano-RK/src/kernel/source/nrk_task.o
                                                  ../../../nano-RK/src/kernel/source/nrk.o
                                                  ../../../nano-RK/src/net/bmac/bmac.o
_nrk_time_to_ticks_long                           ../../../nano-RK/src/kernel/source/nrk_time.o
_nrk_time_trigger                                 ../../../nano-RK/src/kernel/hal/atmega128/nrk_cpu.o
                                                  ../../../nano-RK/src/kernel/hal/atmega128/nrk_timer.o
                                                  ../../../nano-RK/src/kernel/source/nrk_scheduler.o
                                                  ../../../nano-RK/src/kernel/source/nrk_idle_task.o
                                                  ../../../nano-RK/src/kernel/source/nrk_time.o
                                                  ../../../nano-RK/src/kernel/source/nrk_task.o
                                                  ../../../nano-RK/src/kernel/source/nrk_events.o
                                                  ../../../nano-RK/src/kernel/source/nrk_error.o
                                                  ../../../nano-RK/src/radio/cc2420/source/basic_rf.o
                                                  ../../../nano-RK/src/net/bmac/bmac.o
_nrk_timer_tick                                   ../../../nano-RK/src/kernel/source/nrk.o
                                                  ../../../nano-RK/src/kernel/hal/atmega128/nrk_cpu.o
_nrk_wait_for_scheduler                           ../../../nano-RK/src/kernel/source/nrk_task.o
app_timer0_callback                               ../../../nano-RK/src/kernel/hal/atmega128/nrk_cpu.o
                                                  ../../../nano-RK/src/kernel/hal/atmega128/nrk_timer.o
                                                  ../../../nano-RK/src/kernel/source/nrk_scheduler.o
                                                  ../../../nano-RK/src/kernel/source/nrk_idle_task.o
                                                  ../../../nano-RK/src/kernel/source/nrk_time.o
                                                  ../../../nano-RK/src/kernel/source/nrk_task.o
                                                  ../../../nano-RK/src/kernel/source/nrk_events.o
                                                  ../../../nano-RK/src/kernel/source/nrk_error.o
                                                  ../../../nano-RK/src/radio/cc2420/source/basic_rf.o
                                                  ../../../nano-RK/src/net/bmac/bmac.o
app_timer0_prescale                               ../../../nano-RK/src/kernel/hal/atmega128/nrk_cpu.o
                                                  ../../../nano-RK/src/kernel/hal/atmega128/nrk_timer.o
                                                  ../../../nano-RK/src/kernel/source/nrk_scheduler.o
                                                  ../../../nano-RK/src/kernel/source/nrk_idle_task.o
                                                  ../../../nano-RK/src/kernel/source/nrk_time.o
                                                  ../../../nano-RK/src/kernel/source/nrk_task.o
                                                  ../../../nano-RK/src/kernel/source/nrk_events.o
                                                  ../../../nano-RK/src/kernel/source/nrk_error.o
                                                  ../../../nano-RK/src/radio/cc2420/source/basic_rf.o
                                                  ../../../nano-RK/src/net/bmac/bmac.o
auto_ack_enable                                   ../../../nano-RK/src/radio/cc2420/source/basic_rf.o
blink_dash                                        ../../../nano-RK/src/kernel/source/nrk_error.o
blink_dot                                         ../../../nano-RK/src/kernel/source/nrk_error.o
blink_morse_code_error                            ../../../nano-RK/src/kernel/source/nrk_error.o
bmac_addr_decode_dest_mac                         ../../../nano-RK/src/net/bmac/bmac.o
bmac_addr_decode_disable                          ../../../nano-RK/src/net/bmac/bmac.o
bmac_addr_decode_enable                           ../../../nano-RK/src/net/bmac/bmac.o
bmac_addr_decode_set_my_mac                       ../../../nano-RK/src/net/bmac/bmac.o
bmac_auto_ack_disable                             ../../../nano-RK/src/net/bmac/bmac.o
bmac_auto_ack_enable                              ../../../nano-RK/src/net/bmac/bmac.o
bmac_disable                                      ../../../nano-RK/src/net/bmac/bmac.o
bmac_enable                                       ../../../nano-RK/src/net/bmac/bmac.o
bmac_enable_signal                                ../../../nano-RK/src/net/bmac/bmac.o
                                                  main.o
bmac_encryption_disable                           ../../../nano-RK/src/net/bmac/bmac.o
bmac_encryption_enable                            ../../../nano-RK/src/net/bmac/bmac.o
bmac_encryption_set_ctr_counter                   ../../../nano-RK/src/net/bmac/bmac.o
bmac_encryption_set_key                           ../../../nano-RK/src/net/bmac/bmac.o
bmac_get_rx_pkt_signal                            ../../../nano-RK/src/net/bmac/bmac.o
bmac_get_tx_done_signal                           ../../../nano-RK/src/net/bmac/bmac.o
bmac_init                                         ../../../nano-RK/src/net/bmac/bmac.o
                                                  main.o
bmac_nw_task                                      ../../../nano-RK/src/net/bmac/bmac.o
bmac_rfRxInfo                                     ../../../nano-RK/src/net/bmac/bmac.o
                                                  main.o
bmac_rfTxInfo                                     ../../../nano-RK/src/net/bmac/bmac.o
                                                  main.o
bmac_rx_failure_count_get                         ../../../nano-RK/src/net/bmac/bmac.o
bmac_rx_failure_count_reset                       ../../../nano-RK/src/net/bmac/bmac.o
bmac_rx_pkt_get                                   ../../../nano-RK/src/net/bmac/bmac.o
                                                  main.o
bmac_rx_pkt_is_encrypted                          ../../../nano-RK/src/net/bmac/bmac.o
bmac_rx_pkt_ready                                 ../../../nano-RK/src/net/bmac/bmac.o
bmac_rx_pkt_release                               ../../../nano-RK/src/net/bmac/bmac.o
                                                  main.o
bmac_rx_pkt_set_buffer                            ../../../nano-RK/src/net/bmac/bmac.o
                                                  main.o
bmac_rx_pkt_signal                                ../../../nano-RK/src/net/bmac/bmac.o
                                                  main.o
bmac_set_cca_active                               ../../../nano-RK/src/net/bmac/bmac.o
bmac_set_cca_thresh                               ../../../nano-RK/src/net/bmac/bmac.o
bmac_set_channel                                  ../../../nano-RK/src/net/bmac/bmac.o
bmac_set_rf_power                                 ../../../nano-RK/src/net/bmac/bmac.o
bmac_set_rx_check_rate                            ../../../nano-RK/src/net/bmac/bmac.o
bmac_started                                      ../../../nano-RK/src/net/bmac/bmac.o
bmac_task_config                                  ../../../nano-RK/src/net/bmac/bmac.o
                                                  main.o
bmac_tx_pkt                                       ../../../nano-RK/src/net/bmac/bmac.o
bmac_tx_pkt_done_signal                           ../../../nano-RK/src/net/bmac/bmac.o
                                                  main.o
bmac_tx_pkt_nonblocking                           ../../../nano-RK/src/net/bmac/bmac.o
bmac_tx_reserve_get                               ../../../nano-RK/src/net/bmac/bmac.o
bmac_tx_reserve_set                               ../../../nano-RK/src/net/bmac/bmac.o
bmac_wait_until_rx_pkt                            ../../../nano-RK/src/net/bmac/bmac.o
                                                  main.o
calloc                                            /usr/lib/gcc/avr/4.4.1/../../../../avr/lib/avr51/libc.a(calloc.o)
                                                  /usr/lib/gcc/avr/4.4.1/../../../../avr/lib/avr51/libc.a(fdevopen.o)
cc259x_rx                                         ../../../nano-RK/src/radio/cc2420/source/basic_rf.o
cc259x_tx                                         ../../../nano-RK/src/radio/cc2420/source/basic_rf.o
dump_stack_info                                   ../../../nano-RK/src/kernel/source/nrk_stack_check.o
error_num                                         ../../../nano-RK/src/kernel/hal/atmega128/nrk_cpu.o
                                                  ../../../nano-RK/src/kernel/hal/atmega128/nrk_watchdog.o
                                                  ../../../nano-RK/src/kernel/hal/atmega128/nrk_ext_int.o
                                                  ../../../nano-RK/src/kernel/hal/atmega128/nrk_timer.o
                                                  ../../../nano-RK/src/kernel/source/nrk_sw_wdt.o
                                                  ../../../nano-RK/src/kernel/source/nrk_scheduler.o
                                                  ../../../nano-RK/src/kernel/source/nrk_idle_task.o
                                                  ../../../nano-RK/src/kernel/source/nrk_time.o
                                                  ../../../nano-RK/src/kernel/source/nrk_task.o
                                                  ../../../nano-RK/src/kernel/source/nrk_events.o
                                                  ../../../nano-RK/src/kernel/source/nrk_stack_check.o
                                                  ../../../nano-RK/src/kernel/source/nrk_error.o
                                                  ../../../nano-RK/src/kernel/source/nrk_stats.o
                                                  ../../../nano-RK/src/kernel/source/nrk.o
                                                  ../../../nano-RK/src/platform/micaZ/source/nrk_eeprom.o
                                                  ../../../nano-RK/src/platform/micaZ/source/ulib.o
                                                  ../../../nano-RK/src/radio/cc2420/source/basic_rf.o
                                                  ../../../nano-RK/src/net/bmac/bmac.o
                                                  main.o
error_task                                        ../../../nano-RK/src/kernel/hal/atmega128/nrk_cpu.o
                                                  ../../../nano-RK/src/kernel/hal/atmega128/nrk_watchdog.o
                                                  ../../../nano-RK/src/kernel/hal/atmega128/nrk_ext_int.o
                                                  ../../../nano-RK/src/kernel/hal/atmega128/nrk_timer.o
                                                  ../../../nano-RK/src/kernel/source/nrk_sw_wdt.o
                                                  ../../../nano-RK/src/kernel/source/nrk_scheduler.o
                                                  ../../../nano-RK/src/kernel/source/nrk_idle_task.o
                                                  ../../../nano-RK/src/kernel/source/nrk_time.o