   1               		.file	"nrk_ext_int.c"
   2               	__SREG__ = 0x3f
   3               	__SP_H__ = 0x3e
   4               	__SP_L__ = 0x3d
   5               	__tmp_reg__ = 0
   6               	__zero_reg__ = 1
   7               		.global __do_copy_data
   8               		.global __do_clear_bss
  11               		.text
  12               	.Ltext0:
 111               	.global	nrk_ext_int_enable
 113               	nrk_ext_int_enable:
 114               		.stabd	46,0,0
   1:../../../nano-RK/src/kernel/hal/atmega128/nrk_ext_int.c **** /******************************************************************************
   2:../../../nano-RK/src/kernel/hal/atmega128/nrk_ext_int.c **** *  Nano-RK, a real-time operating system for sensor networks.
   3:../../../nano-RK/src/kernel/hal/atmega128/nrk_ext_int.c **** *  Copyright (C) 2007, Real-Time and Multimedia Lab, Carnegie Mellon University
   4:../../../nano-RK/src/kernel/hal/atmega128/nrk_ext_int.c **** *  All rights reserved.
   5:../../../nano-RK/src/kernel/hal/atmega128/nrk_ext_int.c **** *
   6:../../../nano-RK/src/kernel/hal/atmega128/nrk_ext_int.c **** *  This is the Open Source Version of Nano-RK included as part of a Dual
   7:../../../nano-RK/src/kernel/hal/atmega128/nrk_ext_int.c **** *  Licensing Model. If you are unsure which license to use please refer to:
   8:../../../nano-RK/src/kernel/hal/atmega128/nrk_ext_int.c **** *  http://www.nanork.org/nano-RK/wiki/Licensing
   9:../../../nano-RK/src/kernel/hal/atmega128/nrk_ext_int.c **** *
  10:../../../nano-RK/src/kernel/hal/atmega128/nrk_ext_int.c **** *  This program is free software: you can redistribute it and/or modify
  11:../../../nano-RK/src/kernel/hal/atmega128/nrk_ext_int.c **** *  it under the terms of the GNU General Public License as published by
  12:../../../nano-RK/src/kernel/hal/atmega128/nrk_ext_int.c **** *  the Free Software Foundation, version 2.0 of the License.
  13:../../../nano-RK/src/kernel/hal/atmega128/nrk_ext_int.c **** *
  14:../../../nano-RK/src/kernel/hal/atmega128/nrk_ext_int.c **** *  This program is distributed in the hope that it will be useful,
  15:../../../nano-RK/src/kernel/hal/atmega128/nrk_ext_int.c **** *  but WITHOUT ANY WARRANTY; without even the implied warranty of
  16:../../../nano-RK/src/kernel/hal/atmega128/nrk_ext_int.c **** *  MERCHANTABILITY or FITNESS FOR A PARTICULAR PURPOSE.  See the
  17:../../../nano-RK/src/kernel/hal/atmega128/nrk_ext_int.c **** *  GNU General Public License for more details.
  18:../../../nano-RK/src/kernel/hal/atmega128/nrk_ext_int.c **** *
  19:../../../nano-RK/src/kernel/hal/atmega128/nrk_ext_int.c **** *  You should have received a copy of the GNU General Public License
  20:../../../nano-RK/src/kernel/hal/atmega128/nrk_ext_int.c **** *  along with this program.  If not, see <http://www.gnu.org/licenses/>.
  21:../../../nano-RK/src/kernel/hal/atmega128/nrk_ext_int.c **** *
  22:../../../nano-RK/src/kernel/hal/atmega128/nrk_ext_int.c **** *  Contributing Authors (specific to this file):
  23:../../../nano-RK/src/kernel/hal/atmega128/nrk_ext_int.c **** *  Anthony Rowe
  24:../../../nano-RK/src/kernel/hal/atmega128/nrk_ext_int.c **** *******************************************************************************/
  25:../../../nano-RK/src/kernel/hal/atmega128/nrk_ext_int.c **** 
  26:../../../nano-RK/src/kernel/hal/atmega128/nrk_ext_int.c **** #include <include.h>
  27:../../../nano-RK/src/kernel/hal/atmega128/nrk_ext_int.c **** #include <avr/interrupt.h>
  28:../../../nano-RK/src/kernel/hal/atmega128/nrk_ext_int.c **** #include <ulib.h>
  29:../../../nano-RK/src/kernel/hal/atmega128/nrk_ext_int.c **** #include <nrk_ext_int.h>
  30:../../../nano-RK/src/kernel/hal/atmega128/nrk_ext_int.c **** #include <nrk_error.h>
  31:../../../nano-RK/src/kernel/hal/atmega128/nrk_ext_int.c **** #include <nrk_cfg.h>
  32:../../../nano-RK/src/kernel/hal/atmega128/nrk_ext_int.c **** 
  33:../../../nano-RK/src/kernel/hal/atmega128/nrk_ext_int.c **** 
  34:../../../nano-RK/src/kernel/hal/atmega128/nrk_ext_int.c **** int8_t  nrk_ext_int_enable(uint8_t pin )
  35:../../../nano-RK/src/kernel/hal/atmega128/nrk_ext_int.c **** {
 116               	.LM0:
 117               	.LFBB1:
 118               	/* prologue: function */
 119               	/* frame size = 0 */
  36:../../../nano-RK/src/kernel/hal/atmega128/nrk_ext_int.c **** //if(pin==NRK_EXT_INT_0) { EIMSK |= 1; return NRK_OK; }
  37:../../../nano-RK/src/kernel/hal/atmega128/nrk_ext_int.c **** return NRK_ERROR;
  38:../../../nano-RK/src/kernel/hal/atmega128/nrk_ext_int.c **** }
 121               	.LM1:
 122 0000 8FEF      		ldi r24,lo8(-1)
 123               	/* epilogue start */
 124 0002 0895      		ret
 126               	.Lscope1:
 128               		.stabd	78,0,0
 131               	.global	nrk_ext_int_disable
 133               	nrk_ext_int_disable:
 134               		.stabd	46,0,0
  39:../../../nano-RK/src/kernel/hal/atmega128/nrk_ext_int.c **** 
  40:../../../nano-RK/src/kernel/hal/atmega128/nrk_ext_int.c **** int8_t  nrk_ext_int_disable(uint8_t pin )
  41:../../../nano-RK/src/kernel/hal/atmega128/nrk_ext_int.c **** {
 136               	.LM2:
 137               	.LFBB2:
 138               	/* prologue: function */
 139               	/* frame size = 0 */
  42:../../../nano-RK/src/kernel/hal/atmega128/nrk_ext_int.c **** //if(pin==NRK_EXT_INT_0) { EIMSK &= ~1; return NRK_OK; }
  43:../../../nano-RK/src/kernel/hal/atmega128/nrk_ext_int.c **** return NRK_ERROR;
  44:../../../nano-RK/src/kernel/hal/atmega128/nrk_ext_int.c **** }
 141               	.LM3:
 142 0004 8FEF      		ldi r24,lo8(-1)
 143               	/* epilogue start */
 144 0006 0895      		ret
 146               	.Lscope2:
 148               		.stabd	78,0,0
 153               	.global	nrk_ext_int_configure
 155               	nrk_ext_int_configure:
 156               		.stabd	46,0,0
  45:../../../nano-RK/src/kernel/hal/atmega128/nrk_ext_int.c **** 
  46:../../../nano-RK/src/kernel/hal/atmega128/nrk_ext_int.c **** 
  47:../../../nano-RK/src/kernel/hal/atmega128/nrk_ext_int.c **** 
  48:../../../nano-RK/src/kernel/hal/atmega128/nrk_ext_int.c **** int8_t  nrk_ext_int_configure(uint8_t pin, uint8_t mode, void *callback_func)
  49:../../../nano-RK/src/kernel/hal/atmega128/nrk_ext_int.c **** {
 158               	.LM4:
 159               	.LFBB3:
 160               	/* prologue: function */
 161               	/* frame size = 0 */
  50:../../../nano-RK/src/kernel/hal/atmega128/nrk_ext_int.c **** /*if(pin==NRK_EXT_INT_0)
  51:../../../nano-RK/src/kernel/hal/atmega128/nrk_ext_int.c **** 	{
  52:../../../nano-RK/src/kernel/hal/atmega128/nrk_ext_int.c **** 	ext_int0_callback=callback_func;
  53:../../../nano-RK/src/kernel/hal/atmega128/nrk_ext_int.c **** 	if(mode==NRK_LOW_TRIGGER) EICRA &= ~(BM(ISC01) | BM(ISC00));
  54:../../../nano-RK/src/kernel/hal/atmega128/nrk_ext_int.c **** 	if(mode==NRK_LEVEL_TRIGGER) 
  55:../../../nano-RK/src/kernel/hal/atmega128/nrk_ext_int.c **** 		{ EICRA &= (~BM(ISC01)); EICRA |= BM(ISC00); }
  56:../../../nano-RK/src/kernel/hal/atmega128/nrk_ext_int.c **** 	if(mode==NRK_FALLING_EDGE) 
  57:../../../nano-RK/src/kernel/hal/atmega128/nrk_ext_int.c **** 		{ EICRA |= BM(ISC01); EICRA &= (~BM(ISC00)); }
  58:../../../nano-RK/src/kernel/hal/atmega128/nrk_ext_int.c **** 	if(mode==NRK_RISING_EDGE) EICRA |= BM(ISC01) | BM(ISC00);
  59:../../../nano-RK/src/kernel/hal/atmega128/nrk_ext_int.c **** 	return NRK_OK;
  60:../../../nano-RK/src/kernel/hal/atmega128/nrk_ext_int.c **** 	}
  61:../../../nano-RK/src/kernel/hal/atmega128/nrk_ext_int.c **** */
  62:../../../nano-RK/src/kernel/hal/atmega128/nrk_ext_int.c **** return NRK_ERROR;
  63:../../../nano-RK/src/kernel/hal/atmega128/nrk_ext_int.c **** }
 163               	.LM5:
 164 0008 8FEF      		ldi r24,lo8(-1)
 165               	/* epilogue start */
 166 000a 0895      		ret
 168               	.Lscope3:
 170               		.stabd	78,0,0
 172               	.global	__vector_1
 174               	__vector_1:
 175               		.stabd	46,0,0
  64:../../../nano-RK/src/kernel/hal/atmega128/nrk_ext_int.c **** 
  65:../../../nano-RK/src/kernel/hal/atmega128/nrk_ext_int.c **** 
  66:../../../nano-RK/src/kernel/hal/atmega128/nrk_ext_int.c **** 
  67:../../../nano-RK/src/kernel/hal/atmega128/nrk_ext_int.c **** SIGNAL(INT0_vect) {
 177               	.LM6:
 178               	.LFBB4:
 179 000c 1F92      		push __zero_reg__
 180 000e 0F92      		push r0
 181 0010 0FB6      		in r0,__SREG__
 182 0012 0F92      		push r0
 183 0014 0BB6      		in r0,91-0x20
 184 0016 0F92      		push r0
 185 0018 1124      		clr __zero_reg__
 186 001a 2F93      		push r18
 187 001c 3F93      		push r19
 188 001e 4F93      		push r20
 189 0020 5F93      		push r21
 190 0022 6F93      		push r22
 191 0024 7F93      		push r23
 192 0026 8F93      		push r24
 193 0028 9F93      		push r25
 194 002a AF93      		push r26
 195 002c BF93      		push r27
 196 002e EF93      		push r30
 197 0030 FF93      		push r31
 198               	/* prologue: Signal */
 199               	/* frame size = 0 */
  68:../../../nano-RK/src/kernel/hal/atmega128/nrk_ext_int.c **** //	if(ext_int0_callback!=NULL) ext_int0_callback();
  69:../../../nano-RK/src/kernel/hal/atmega128/nrk_ext_int.c **** //	else
  70:../../../nano-RK/src/kernel/hal/atmega128/nrk_ext_int.c **** 	nrk_kernel_error_add(NRK_SEG_FAULT,0);
 201               	.LM7:
 202 0032 8AE0      		ldi r24,lo8(10)
 203 0034 60E0      		ldi r22,lo8(0)
 204 0036 0E94 0000 		call nrk_kernel_error_add
 205               	/* epilogue start */
  71:../../../nano-RK/src/kernel/hal/atmega128/nrk_ext_int.c **** 	return;  	
  72:../../../nano-RK/src/kernel/hal/atmega128/nrk_ext_int.c **** }
 207               	.LM8:
 208 003a FF91      		pop r31
 209 003c EF91      		pop r30
 210 003e BF91      		pop r27
 211 0040 AF91      		pop r26
 212 0042 9F91      		pop r25
 213 0044 8F91      		pop r24
 214 0046 7F91      		pop r23
 215 0048 6F91      		pop r22
 216 004a 5F91      		pop r21
 217 004c 4F91      		pop r20
 218 004e 3F91      		pop r19
 219 0050 2F91      		pop r18
 220 0052 0F90      		pop r0
 221 0054 0BBE      		out 91-0x20,r0
 222 0056 0F90      		pop r0
 223 0058 0FBE      		out __SREG__,r0
 224 005a 0F90      		pop r0
 225 005c 1F90      		pop __zero_reg__
 226 005e 1895      		reti
 228               	.Lscope4:
 230               		.stabd	78,0,0
 231               		.comm _nrk_signal_list,4,1
 232               		.comm ext_int0_callback,2,1
 233               		.comm ext_int1_callback,2,1
 234               		.comm ext_int2_callback,2,1
 235               		.comm pc_int0_callback,2,1
 236               		.comm error_task,1,1
 237               		.comm error_num,1,1
 246               	.Letext0:
DEFINED SYMBOLS
                            *ABS*:00000000 nrk_ext_int.c
     /tmp/cchjL8HJ.s:2      *ABS*:0000003f __SREG__
     /tmp/cchjL8HJ.s:3      *ABS*:0000003e __SP_H__
     /tmp/cchjL8HJ.s:4      *ABS*:0000003d __SP_L__
     /tmp/cchjL8HJ.s:5      *ABS*:00000000 __tmp_reg__
     /tmp/cchjL8HJ.s:6      *ABS*:00000001 __zero_reg__
     /tmp/cchjL8HJ.s:113    .text:00000000 nrk_ext_int_enable
     /tmp/cchjL8HJ.s:133    .text:00000004 nrk_ext_int_disable
     /tmp/cchjL8HJ.s:155    .text:00000008 nrk_ext_int_configure
     /tmp/cchjL8HJ.s:174    .text:0000000c __vector_1
                            *COM*:00000004 _nrk_signal_list
                            *COM*:00000002 ext_int0_callback
                            *COM*:00000002 ext_int1_callback
                            *COM*:00000002 ext_int2_callback
                            *COM*:00000002 pc_int0_callback
                            *COM*:00000001 error_task
                            *COM*:00000001 error_num

UNDEFINED SYMBOLS
__do_copy_data
__do_clear_bss
nrk_kernel_error_add
