   1               		.file	"nrk_status.c"
   2               	__SREG__ = 0x3f
   3               	__SP_H__ = 0x3e
   4               	__SP_L__ = 0x3d
   5               	__tmp_reg__ = 0
   6               	__zero_reg__ = 1
   7               		.global __do_copy_data
   8               		.global __do_clear_bss
  11               		.text
  12               	.Ltext0:
 107               	.global	_nrk_startup_error
 109               	_nrk_startup_error:
 110               		.stabd	46,0,0
   1:../../../nano-RK/src/kernel/hal/atmega128/nrk_status.c **** /******************************************************************************
   2:../../../nano-RK/src/kernel/hal/atmega128/nrk_status.c **** *  Nano-RK, a real-time operating system for sensor networks.
   3:../../../nano-RK/src/kernel/hal/atmega128/nrk_status.c **** *  Copyright (C) 2007, Real-Time and Multimedia Lab, Carnegie Mellon University
   4:../../../nano-RK/src/kernel/hal/atmega128/nrk_status.c **** *  All rights reserved.
   5:../../../nano-RK/src/kernel/hal/atmega128/nrk_status.c **** *
   6:../../../nano-RK/src/kernel/hal/atmega128/nrk_status.c **** *  This is the Open Source Version of Nano-RK included as part of a Dual
   7:../../../nano-RK/src/kernel/hal/atmega128/nrk_status.c **** *  Licensing Model. If you are unsure which license to use please refer to:
   8:../../../nano-RK/src/kernel/hal/atmega128/nrk_status.c **** *  http://www.nanork.org/nano-RK/wiki/Licensing
   9:../../../nano-RK/src/kernel/hal/atmega128/nrk_status.c **** *
  10:../../../nano-RK/src/kernel/hal/atmega128/nrk_status.c **** *  This program is free software: you can redistribute it and/or modify
  11:../../../nano-RK/src/kernel/hal/atmega128/nrk_status.c **** *  it under the terms of the GNU General Public License as published by
  12:../../../nano-RK/src/kernel/hal/atmega128/nrk_status.c **** *  the Free Software Foundation, version 2.0 of the License.
  13:../../../nano-RK/src/kernel/hal/atmega128/nrk_status.c **** *
  14:../../../nano-RK/src/kernel/hal/atmega128/nrk_status.c **** *  This program is distributed in the hope that it will be useful,
  15:../../../nano-RK/src/kernel/hal/atmega128/nrk_status.c **** *  but WITHOUT ANY WARRANTY; without even the implied warranty of
  16:../../../nano-RK/src/kernel/hal/atmega128/nrk_status.c **** *  MERCHANTABILITY or FITNESS FOR A PARTICULAR PURPOSE.  See the
  17:../../../nano-RK/src/kernel/hal/atmega128/nrk_status.c **** *  GNU General Public License for more details.
  18:../../../nano-RK/src/kernel/hal/atmega128/nrk_status.c **** *
  19:../../../nano-RK/src/kernel/hal/atmega128/nrk_status.c **** *  You should have received a copy of the GNU General Public License
  20:../../../nano-RK/src/kernel/hal/atmega128/nrk_status.c **** *  along with this program.  If not, see <http://www.gnu.org/licenses/>.
  21:../../../nano-RK/src/kernel/hal/atmega128/nrk_status.c **** *
  22:../../../nano-RK/src/kernel/hal/atmega128/nrk_status.c **** *  Contributing Authors (specific to this file):
  23:../../../nano-RK/src/kernel/hal/atmega128/nrk_status.c **** *  Anthony Rowe
  24:../../../nano-RK/src/kernel/hal/atmega128/nrk_status.c **** *******************************************************************************/
  25:../../../nano-RK/src/kernel/hal/atmega128/nrk_status.c **** 
  26:../../../nano-RK/src/kernel/hal/atmega128/nrk_status.c **** 
  27:../../../nano-RK/src/kernel/hal/atmega128/nrk_status.c **** #include <include.h>
  28:../../../nano-RK/src/kernel/hal/atmega128/nrk_status.c **** #include <nrk_status.h>
  29:../../../nano-RK/src/kernel/hal/atmega128/nrk_status.c **** 
  30:../../../nano-RK/src/kernel/hal/atmega128/nrk_status.c **** uint8_t _nrk_startup_error()
  31:../../../nano-RK/src/kernel/hal/atmega128/nrk_status.c **** {
 112               	.LM0:
 113               	.LFBB1:
 114               	/* prologue: function */
 115               	/* frame size = 0 */
  32:../../../nano-RK/src/kernel/hal/atmega128/nrk_status.c **** uint8_t error;
  33:../../../nano-RK/src/kernel/hal/atmega128/nrk_status.c **** error=0;
  34:../../../nano-RK/src/kernel/hal/atmega128/nrk_status.c **** // Use the timer settings that are normally 0 on reset to detect
  35:../../../nano-RK/src/kernel/hal/atmega128/nrk_status.c **** // if the OS has reboot by accident
  36:../../../nano-RK/src/kernel/hal/atmega128/nrk_status.c **** 
  37:../../../nano-RK/src/kernel/hal/atmega128/nrk_status.c **** 
  38:../../../nano-RK/src/kernel/hal/atmega128/nrk_status.c **** // Check Watchdog timer
  39:../../../nano-RK/src/kernel/hal/atmega128/nrk_status.c **** if( (MCUSR & (1<<WDRF)) != 0 )
 117               	.LM1:
 118 0000 04B6      		in __tmp_reg__,84-0x20
 119 0002 03FE      		sbrs __tmp_reg__,3
 120 0004 00C0      		rjmp .L2
 121 0006 80E1      		ldi r24,lo8(16)
 122 0008 00C0      		rjmp .L3
 123               	.L2:
 124 000a 80E0      		ldi r24,lo8(0)
 125               	.L3:
  40:../../../nano-RK/src/kernel/hal/atmega128/nrk_status.c **** 	{
  41:../../../nano-RK/src/kernel/hal/atmega128/nrk_status.c **** 	// don't clear wdt
  42:../../../nano-RK/src/kernel/hal/atmega128/nrk_status.c **** 	error|=0x10;
  43:../../../nano-RK/src/kernel/hal/atmega128/nrk_status.c **** 	}
  44:../../../nano-RK/src/kernel/hal/atmega128/nrk_status.c **** 
  45:../../../nano-RK/src/kernel/hal/atmega128/nrk_status.c **** 
  46:../../../nano-RK/src/kernel/hal/atmega128/nrk_status.c **** // Check Brown Out 
  47:../../../nano-RK/src/kernel/hal/atmega128/nrk_status.c **** if( (MCUSR & (1<<BORF)) != 0 )
 127               	.LM2:
 128 000c 04B6      		in __tmp_reg__,84-0x20
 129 000e 02FE      		sbrs __tmp_reg__,2
 130 0010 00C0      		rjmp .L4
  48:../../../nano-RK/src/kernel/hal/atmega128/nrk_status.c **** 	{
  49:../../../nano-RK/src/kernel/hal/atmega128/nrk_status.c **** 	MCUSR &= ~(1<<BORF);	
 132               	.LM3:
 133 0012 94B7      		in r25,84-0x20
 134 0014 9B7F      		andi r25,lo8(-5)
 135 0016 94BF      		out 84-0x20,r25
  50:../../../nano-RK/src/kernel/hal/atmega128/nrk_status.c **** 	// Only add brownout if it isn't the first bootup
  51:../../../nano-RK/src/kernel/hal/atmega128/nrk_status.c **** 	if( (MCUSR & (1<<PORF)) == 0 )
 137               	.LM4:
 138 0018 04B6      		in __tmp_reg__,84-0x20
 139 001a 00FE      		sbrs __tmp_reg__,0
  52:../../../nano-RK/src/kernel/hal/atmega128/nrk_status.c **** 		error|=0x04;
 141               	.LM5:
 142 001c 8460      		ori r24,lo8(4)
 143               	.L4:
  53:../../../nano-RK/src/kernel/hal/atmega128/nrk_status.c **** 	}
  54:../../../nano-RK/src/kernel/hal/atmega128/nrk_status.c **** 
  55:../../../nano-RK/src/kernel/hal/atmega128/nrk_status.c **** // Check External Reset 
  56:../../../nano-RK/src/kernel/hal/atmega128/nrk_status.c **** if( (MCUSR & (1<<EXTRF)) != 0 )
 145               	.LM6:
 146 001e 04B6      		in __tmp_reg__,84-0x20
 147 0020 01FE      		sbrs __tmp_reg__,1
 148 0022 00C0      		rjmp .L5
  57:../../../nano-RK/src/kernel/hal/atmega128/nrk_status.c **** 	{
  58:../../../nano-RK/src/kernel/hal/atmega128/nrk_status.c **** 	MCUSR &= ~(1<<EXTRF);	
 150               	.LM7:
 151 0024 94B7      		in r25,84-0x20
 152 0026 9D7F      		andi r25,lo8(-3)
 153 0028 94BF      		out 84-0x20,r25
  59:../../../nano-RK/src/kernel/hal/atmega128/nrk_status.c **** 	error|=0x02;
 155               	.LM8:
 156 002a 8260      		ori r24,lo8(2)
 157 002c 0895      		ret
 158               	.L5:
  60:../../../nano-RK/src/kernel/hal/atmega128/nrk_status.c **** 	}
  61:../../../nano-RK/src/kernel/hal/atmega128/nrk_status.c **** 
  62:../../../nano-RK/src/kernel/hal/atmega128/nrk_status.c **** // If any of the above errors went off, then the next errors will
  63:../../../nano-RK/src/kernel/hal/atmega128/nrk_status.c **** // incorrectly be set!  So make sure to bail early!
  64:../../../nano-RK/src/kernel/hal/atmega128/nrk_status.c **** if(error!=0) return error;
 160               	.LM9:
 161 002e 8823      		tst r24
 162 0030 01F4      		brne .L6
  65:../../../nano-RK/src/kernel/hal/atmega128/nrk_status.c **** 
  66:../../../nano-RK/src/kernel/hal/atmega128/nrk_status.c **** // Check if normal power up state is set and then clear it
  67:../../../nano-RK/src/kernel/hal/atmega128/nrk_status.c **** if( (MCUSR & (1<<PORF)) != 0 )
 164               	.LM10:
 165 0032 04B6      		in __tmp_reg__,84-0x20
 166 0034 00FC      		sbrc __tmp_reg__,0
 167 0036 00C0      		rjmp .L7
 168 0038 81E0      		ldi r24,lo8(1)
 169 003a 00C0      		rjmp .L8
 170               	.L7:
  68:../../../nano-RK/src/kernel/hal/atmega128/nrk_status.c **** 	{
  69:../../../nano-RK/src/kernel/hal/atmega128/nrk_status.c **** 	MCUSR &= ~(1<<PORF);
 172               	.LM11:
 173 003c 94B7      		in r25,84-0x20
 174 003e 9E7F      		andi r25,lo8(-2)
 175 0040 94BF      		out 84-0x20,r25
 176               	.L8:
  70:../../../nano-RK/src/kernel/hal/atmega128/nrk_status.c **** 	}
  71:../../../nano-RK/src/kernel/hal/atmega128/nrk_status.c **** 	else {
  72:../../../nano-RK/src/kernel/hal/atmega128/nrk_status.c **** 	error|=0x01;
  73:../../../nano-RK/src/kernel/hal/atmega128/nrk_status.c **** 	}
  74:../../../nano-RK/src/kernel/hal/atmega128/nrk_status.c **** 
  75:../../../nano-RK/src/kernel/hal/atmega128/nrk_status.c **** // check uart state 
  76:../../../nano-RK/src/kernel/hal/atmega128/nrk_status.c **** if((volatile uint8_t)TCCR0!=0) error|=0x01;
 178               	.LM12:
 179 0042 93B7      		in r25,83-0x20
 180 0044 9111      		cpse r25,__zero_reg__
 181 0046 8160      		ori r24,lo8(1)
 182               	.L6:
  77:../../../nano-RK/src/kernel/hal/atmega128/nrk_status.c **** 
  78:../../../nano-RK/src/kernel/hal/atmega128/nrk_status.c **** return error;
  79:../../../nano-RK/src/kernel/hal/atmega128/nrk_status.c **** }
 184               	.LM13:
 185 0048 0895      		ret
 190               	.Lscope1:
 192               		.stabd	78,0,0
 193               		.comm _nrk_signal_list,4,1
 196               	.Letext0:
DEFINED SYMBOLS
                            *ABS*:00000000 nrk_status.c
     /tmp/cc2oQcyH.s:2      *ABS*:0000003f __SREG__
     /tmp/cc2oQcyH.s:3      *ABS*:0000003e __SP_H__
     /tmp/cc2oQcyH.s:4      *ABS*:0000003d __SP_L__
     /tmp/cc2oQcyH.s:5      *ABS*:00000000 __tmp_reg__
     /tmp/cc2oQcyH.s:6      *ABS*:00000001 __zero_reg__
     /tmp/cc2oQcyH.s:109    .text:00000000 _nrk_startup_error
                            *COM*:00000004 _nrk_signal_list

UNDEFINED SYMBOLS
__do_copy_data
__do_clear_bss
