   1               		.file	"nrk_watchdog.c"
   2               	__SREG__ = 0x3f
   3               	__SP_H__ = 0x3e
   4               	__SP_L__ = 0x3d
   5               	__tmp_reg__ = 0
   6               	__zero_reg__ = 1
   7               		.global __do_copy_data
   8               		.global __do_clear_bss
  11               		.text
  12               	.Ltext0:
 123               	.global	nrk_watchdog_check
 125               	nrk_watchdog_check:
 126               		.stabd	46,0,0
   1:../../../src/kernel/hal/atmega1281/nrk_watchdog.c **** /******************************************************************************
   2:../../../src/kernel/hal/atmega1281/nrk_watchdog.c **** *  Nano-RK, a real-time operating system for sensor networks.
   3:../../../src/kernel/hal/atmega1281/nrk_watchdog.c **** *  Copyright (C) 2007, Real-Time and Multimedia Lab, Carnegie Mellon University
   4:../../../src/kernel/hal/atmega1281/nrk_watchdog.c **** *  All rights reserved.
   5:../../../src/kernel/hal/atmega1281/nrk_watchdog.c **** *
   6:../../../src/kernel/hal/atmega1281/nrk_watchdog.c **** *  This is the Open Source Version of Nano-RK included as part of a Dual
   7:../../../src/kernel/hal/atmega1281/nrk_watchdog.c **** *  Licensing Model. If you are unsure which license to use please refer to:
   8:../../../src/kernel/hal/atmega1281/nrk_watchdog.c **** *  http://www.nanork.org/nano-RK/wiki/Licensing
   9:../../../src/kernel/hal/atmega1281/nrk_watchdog.c **** *
  10:../../../src/kernel/hal/atmega1281/nrk_watchdog.c **** *  This program is free software: you can redistribute it and/or modify
  11:../../../src/kernel/hal/atmega1281/nrk_watchdog.c **** *  it under the terms of the GNU General Public License as published by
  12:../../../src/kernel/hal/atmega1281/nrk_watchdog.c **** *  the Free Software Foundation, version 2.0 of the License.
  13:../../../src/kernel/hal/atmega1281/nrk_watchdog.c **** *
  14:../../../src/kernel/hal/atmega1281/nrk_watchdog.c **** *  This program is distributed in the hope that it will be useful,
  15:../../../src/kernel/hal/atmega1281/nrk_watchdog.c **** *  but WITHOUT ANY WARRANTY; without even the implied warranty of
  16:../../../src/kernel/hal/atmega1281/nrk_watchdog.c **** *  MERCHANTABILITY or FITNESS FOR A PARTICULAR PURPOSE.  See the
  17:../../../src/kernel/hal/atmega1281/nrk_watchdog.c **** *  GNU General Public License for more details.
  18:../../../src/kernel/hal/atmega1281/nrk_watchdog.c **** *
  19:../../../src/kernel/hal/atmega1281/nrk_watchdog.c **** *  You should have received a copy of the GNU General Public License
  20:../../../src/kernel/hal/atmega1281/nrk_watchdog.c **** *  along with this program.  If not, see <http://www.gnu.org/licenses/>.
  21:../../../src/kernel/hal/atmega1281/nrk_watchdog.c **** *
  22:../../../src/kernel/hal/atmega1281/nrk_watchdog.c **** *  Contributing Authors (specific to this file):
  23:../../../src/kernel/hal/atmega1281/nrk_watchdog.c **** *  Anthony Rowe
  24:../../../src/kernel/hal/atmega1281/nrk_watchdog.c **** *******************************************************************************/
  25:../../../src/kernel/hal/atmega1281/nrk_watchdog.c **** 
  26:../../../src/kernel/hal/atmega1281/nrk_watchdog.c **** #include <include.h>
  27:../../../src/kernel/hal/atmega1281/nrk_watchdog.c **** #include <nrk_watchdog.h>
  28:../../../src/kernel/hal/atmega1281/nrk_watchdog.c **** #include <nrk_error.h>
  29:../../../src/kernel/hal/atmega1281/nrk_watchdog.c **** #include <nrk.h>
  30:../../../src/kernel/hal/atmega1281/nrk_watchdog.c **** #include <avr/wdt.h>
  31:../../../src/kernel/hal/atmega1281/nrk_watchdog.c **** 
  32:../../../src/kernel/hal/atmega1281/nrk_watchdog.c **** void nrk_watchdog_disable()
  33:../../../src/kernel/hal/atmega1281/nrk_watchdog.c **** {
  34:../../../src/kernel/hal/atmega1281/nrk_watchdog.c **** nrk_int_disable();
  35:../../../src/kernel/hal/atmega1281/nrk_watchdog.c **** nrk_watchdog_reset();
  36:../../../src/kernel/hal/atmega1281/nrk_watchdog.c **** MCUSR &= ~(1<<WDRF);
  37:../../../src/kernel/hal/atmega1281/nrk_watchdog.c **** WDTCSR |= (1<<WDCE) | (1<<WDE);
  38:../../../src/kernel/hal/atmega1281/nrk_watchdog.c **** WDTCSR = 0;
  39:../../../src/kernel/hal/atmega1281/nrk_watchdog.c **** nrk_int_enable();
  40:../../../src/kernel/hal/atmega1281/nrk_watchdog.c **** }
  41:../../../src/kernel/hal/atmega1281/nrk_watchdog.c **** 
  42:../../../src/kernel/hal/atmega1281/nrk_watchdog.c **** void nrk_watchdog_enable()
  43:../../../src/kernel/hal/atmega1281/nrk_watchdog.c **** {
  44:../../../src/kernel/hal/atmega1281/nrk_watchdog.c **** // Enable watchdog with 1024K cycle timeout
  45:../../../src/kernel/hal/atmega1281/nrk_watchdog.c **** // No Interrupt Trigger
  46:../../../src/kernel/hal/atmega1281/nrk_watchdog.c **** nrk_int_disable();
  47:../../../src/kernel/hal/atmega1281/nrk_watchdog.c **** MCUSR &= ~(1<<WDRF);
  48:../../../src/kernel/hal/atmega1281/nrk_watchdog.c **** nrk_watchdog_reset();
  49:../../../src/kernel/hal/atmega1281/nrk_watchdog.c **** WDTCSR |= (1<<WDCE) | (1<<WDE);
  50:../../../src/kernel/hal/atmega1281/nrk_watchdog.c **** WDTCSR = (1<<WDE) | (1<<WDP2) | (1<<WDP0);
  51:../../../src/kernel/hal/atmega1281/nrk_watchdog.c **** nrk_int_enable();
  52:../../../src/kernel/hal/atmega1281/nrk_watchdog.c **** 
  53:../../../src/kernel/hal/atmega1281/nrk_watchdog.c **** }
  54:../../../src/kernel/hal/atmega1281/nrk_watchdog.c **** 
  55:../../../src/kernel/hal/atmega1281/nrk_watchdog.c **** int8_t nrk_watchdog_check()
  56:../../../src/kernel/hal/atmega1281/nrk_watchdog.c **** {
 128               	.LM0:
 129               	.LFBB1:
 130               	/* prologue: function */
 131               	/* frame size = 0 */
  57:../../../src/kernel/hal/atmega1281/nrk_watchdog.c **** 
  58:../../../src/kernel/hal/atmega1281/nrk_watchdog.c **** if((MCUSR & (1<<WDRF))==0) return NRK_OK;
 133               	.LM1:
 134 0000 04B6      		in __tmp_reg__,84-0x20
 135 0002 03FE      		sbrs __tmp_reg__,3
 136 0004 00C0      		rjmp .L2
 137 0006 8FEF      		ldi r24,lo8(-1)
 138 0008 0895      		ret
 139               	.L2:
 140 000a 81E0      		ldi r24,lo8(1)
  59:../../../src/kernel/hal/atmega1281/nrk_watchdog.c **** return NRK_ERROR;
  60:../../../src/kernel/hal/atmega1281/nrk_watchdog.c **** }
 142               	.LM2:
 143 000c 0895      		ret
 145               	.Lscope1:
 147               		.stabd	78,0,0
 149               	.global	nrk_watchdog_reset
 151               	nrk_watchdog_reset:
 152               		.stabd	46,0,0
  61:../../../src/kernel/hal/atmega1281/nrk_watchdog.c **** 
  62:../../../src/kernel/hal/atmega1281/nrk_watchdog.c **** inline void nrk_watchdog_reset()
  63:../../../src/kernel/hal/atmega1281/nrk_watchdog.c **** {
 154               	.LM3:
 155               	.LFBB2:
 156               	/* prologue: function */
 157               	/* frame size = 0 */
  64:../../../src/kernel/hal/atmega1281/nrk_watchdog.c **** wdt_reset();
 159               	.LM4:
 160               	/* #APP */
 161               	 ;  64 "../../../src/kernel/hal/atmega1281/nrk_watchdog.c" 1
 162 000e A895      		wdr
 163               	 ;  0 "" 2
 164               	/* epilogue start */
  65:../../../src/kernel/hal/atmega1281/nrk_watchdog.c **** 
  66:../../../src/kernel/hal/atmega1281/nrk_watchdog.c **** }
 166               	.LM5:
 167               	/* #NOAPP */
 168 0010 0895      		ret
 170               	.Lscope2:
 172               		.stabd	78,0,0
 174               	.global	nrk_watchdog_enable
 176               	nrk_watchdog_enable:
 177               		.stabd	46,0,0
 179               	.LM6:
 180               	.LFBB3:
 181               	/* prologue: function */
 182               	/* frame size = 0 */
 184               	.LM7:
 185 0012 0E94 0000 		call nrk_int_disable
 187               	.LM8:
 188 0016 84B7      		in r24,84-0x20
 189 0018 877F      		andi r24,lo8(-9)
 190 001a 84BF      		out 84-0x20,r24
 191               	.LBB6:
 192               	.LBB7:
 194               	.LM9:
 195               	/* #APP */
 196               	 ;  64 "../../../src/kernel/hal/atmega1281/nrk_watchdog.c" 1
 197 001c A895      		wdr
 198               	 ;  0 "" 2
 199               	/* #NOAPP */
 200               	.LBE7:
 201               	.LBE6:
 203               	.LM10:
 204 001e E0E6      		ldi r30,lo8(96)
 205 0020 F0E0      		ldi r31,hi8(96)
 206 0022 8081      		ld r24,Z
 207 0024 8861      		ori r24,lo8(24)
 208 0026 8083      		st Z,r24
 210               	.LM11:
 211 0028 8DE0      		ldi r24,lo8(13)
 212 002a 8083      		st Z,r24
 214               	.LM12:
 215 002c 0E94 0000 		call nrk_int_enable
 216               	/* epilogue start */
 218               	.LM13:
 219 0030 0895      		ret
 221               	.Lscope3:
 223               		.stabd	78,0,0
 225               	.global	nrk_watchdog_disable
 227               	nrk_watchdog_disable:
 228               		.stabd	46,0,0
 230               	.LM14:
 231               	.LFBB4:
 232               	/* prologue: function */
 233               	/* frame size = 0 */
 235               	.LM15:
 236 0032 0E94 0000 		call nrk_int_disable
 237               	.LBB8:
 238               	.LBB9:
 240               	.LM16:
 241               	/* #APP */
 242               	 ;  64 "../../../src/kernel/hal/atmega1281/nrk_watchdog.c" 1
 243 0036 A895      		wdr
 244               	 ;  0 "" 2
 245               	/* #NOAPP */
 246               	.LBE9:
 247               	.LBE8:
 249               	.LM17:
 250 0038 84B7      		in r24,84-0x20
 251 003a 877F      		andi r24,lo8(-9)
 252 003c 84BF      		out 84-0x20,r24
 254               	.LM18:
 255 003e E0E6      		ldi r30,lo8(96)
 256 0040 F0E0      		ldi r31,hi8(96)
 257 0042 8081      		ld r24,Z
 258 0044 8861      		ori r24,lo8(24)
 259 0046 8083      		st Z,r24
 261               	.LM19:
 262 0048 1082      		st Z,__zero_reg__
 264               	.LM20:
 265 004a 0E94 0000 		call nrk_int_enable
 266               	/* epilogue start */
 268               	.LM21:
 269 004e 0895      		ret
 271               	.Lscope4:
 273               		.stabd	78,0,0
 274               		.comm _nrk_signal_list,4,1
 275               		.comm error_task,1,1
 276               		.comm error_num,1,1
 277               		.comm nrk_idle_task_stk,128,1
 278               		.comm nrk_kernel_stk_ptr,2,1
 285               	.Letext0:
DEFINED SYMBOLS
                            *ABS*:00000000 nrk_watchdog.c
     /tmp/ccL8BNPR.s:2      *ABS*:0000003f __SREG__
     /tmp/ccL8BNPR.s:3      *ABS*:0000003e __SP_H__
     /tmp/ccL8BNPR.s:4      *ABS*:0000003d __SP_L__
     /tmp/ccL8BNPR.s:5      *ABS*:00000000 __tmp_reg__
     /tmp/ccL8BNPR.s:6      *ABS*:00000001 __zero_reg__
     /tmp/ccL8BNPR.s:125    .text:00000000 nrk_watchdog_check
     /tmp/ccL8BNPR.s:151    .text:0000000e nrk_watchdog_reset
     /tmp/ccL8BNPR.s:176    .text:00000012 nrk_watchdog_enable
     /tmp/ccL8BNPR.s:227    .text:00000032 nrk_watchdog_disable
                            *COM*:00000004 _nrk_signal_list
                            *COM*:00000001 error_task
                            *COM*:00000001 error_num
                            *COM*:00000080 nrk_idle_task_stk
                            *COM*:00000002 nrk_kernel_stk_ptr

UNDEFINED SYMBOLS
__do_copy_data
__do_clear_bss
nrk_int_disable
nrk_int_enable
